#
# There is insufficient memory for the Java Runtime Environment to continue.
# Native memory allocation (malloc) failed to allocate 1048576 bytes. Error detail: AllocateHeap
# Possible reasons:
#   The system is out of physical RAM or swap space
#   This process is running with CompressedOops enabled, and the Java Heap may be blocking the growth of the native heap
# Possible solutions:
#   Reduce memory load on the system
#   Increase physical memory or swap space
#   Check if swap backing store is full
#   Decrease Java heap size (-Xmx/-Xms)
#   Decrease number of Java threads
#   Decrease Java thread stack sizes (-Xss)
#   Set larger code cache with -XX:ReservedCodeCacheSize=
#   JVM is running with Unscaled Compressed Oops mode in which the Java heap is
#     placed in the first 4GB address space. The Java Heap base address is the
#     maximum limit for the native heap growth. Please use -XX:HeapBaseMinAddress
#     to set the Java Heap base and to place the Java Heap above 4GB virtual address.
# This output file may be truncated or incomplete.
#
#  Out of Memory Error (allocation.cpp:44), pid=6288, tid=17488
#
# JRE version: OpenJDK Runtime Environment Temurin-21.0.10+7 (21.0.10+7) (build 21.0.10+7-LTS)
# Java VM: OpenJDK 64-Bit Server VM Temurin-21.0.10+7 (21.0.10+7-LTS, mixed mode, sharing, tiered, compressed oops, compressed class ptrs, parallel gc, windows-amd64)
# No core dump will be written. Minidumps are not enabled by default on client versions of Windows
#

---------------  S U M M A R Y ------------

Command Line: --add-modules=ALL-SYSTEM --add-opens=java.base/java.util=ALL-UNNAMED --add-opens=java.base/java.lang=ALL-UNNAMED --add-opens=java.base/sun.nio.fs=ALL-UNNAMED -Declipse.application=org.eclipse.jdt.ls.core.id1 -Dosgi.bundles.defaultStartLevel=4 -Declipse.product=org.eclipse.jdt.ls.core.product -Djava.import.generatesMetadataFilesAtProjectRoot=false -DDetectVMInstallationsJob.disabled=true -Dfile.encoding=utf8 -XX:+UseParallelGC -XX:GCTimeRatio=4 -XX:AdaptiveSizePolicyWeight=90 -Dsun.zip.disableMemoryMapping=true -Xmx2G -Xms100m -Xlog:disable -javaagent:c:\Users\Bilal\.vscode\extensions\redhat.java-1.54.0-win32-x64\lombok\lombok-1.18.39-4050.jar -XX:+HeapDumpOnOutOfMemoryError -XX:HeapDumpPath=c:\Users\Bilal\AppData\Roaming\Code\User\workspaceStorage\9b14fce1747b2d517f8b1d12a511cdf1\redhat.java -Daether.dependencyCollector.impl=bf c:\Users\Bilal\.vscode\extensions\redhat.java-1.54.0-win32-x64\server\plugins\org.eclipse.equinox.launcher_1.7.100.v20251111-0406.jar -configuration c:\Users\Bilal\AppData\Roaming\Code\User\globalStorage\redhat.java\1.54.0\config_win -data c:\Users\Bilal\AppData\Roaming\Code\User\workspaceStorage\9b14fce1747b2d517f8b1d12a511cdf1\redhat.java\jdt_ws --pipe=\\.\pipe\lsp-0024330479240abec37e29888c0c85ea-sock

Host: Intel(R) Core(TM) Ultra 7 155H, 22 cores, 31G,  Windows 11 , 64 bit Build 26100 (10.0.26100.8521)
Time: Mon Jun  8 14:14:18 2026 Afghanistan Standard Time elapsed time: 19064.119120 seconds (0d 5h 17m 44s)

---------------  T H R E A D  ---------------

Current thread (0x00000153822e0120):  JavaThread "Attach Listener" daemon [_thread_in_vm, id=17488, stack(0x0000004554d00000,0x0000004554e00000) (1024K)]

Stack: [0x0000004554d00000,0x0000004554e00000]
Native frames: (J=compiled Java code, j=interpreted, Vv=VM code, C=native code)
V  [jvm.dll+0x6d7a39]
V  [jvm.dll+0x8b4b26]
V  [jvm.dll+0x8b70de]
V  [jvm.dll+0x8b77c3]
V  [jvm.dll+0x284346]
V  [jvm.dll+0xc1277]
V  [jvm.dll+0x6d82e9]
V  [jvm.dll+0x1334a6]
V  [jvm.dll+0x3f857e]
V  [jvm.dll+0x85f59d]
V  [jvm.dll+0x6d626d]
C  [ucrtbase.dll+0x2cd30]
C  [KERNEL32.DLL+0x2e957]
C  [ntdll.dll+0x87c1c]


---------------  P R O C E S S  ---------------

Threads class SMR info:
_java_thread_list=0x000001538953b080, length=50, elements={
0x000001532924d6e0, 0x00000153291fe330, 0x00000153822dd4b0, 0x00000153822df4c0,
0x00000153822e0120, 0x00000153822e2b90, 0x00000153822e5600, 0x00000153822e6440,
0x000001538234ec40, 0x00000153825707b0, 0x0000015384357690, 0x00000153893e43a0,
0x00000153847a55e0, 0x0000015389404650, 0x00000153891a3290, 0x000001538900ead0,
0x00000153898906b0, 0x0000015389630dc0, 0x0000015389730b20, 0x0000015389730490,
0x000001538c5bbf00, 0x000001538c5bfa10, 0x000001538c5c00a0, 0x000001538c5becf0,
0x000001538c5bcc20, 0x000001538c5bdfd0, 0x000001538c5bd2b0, 0x000001538c5be660,
0x000001538c5c0730, 0x000001538c5c0dc0, 0x000001538c5bd940, 0x000001538c5c1ae0,
0x000001538c5c2800, 0x000001538c5c1450, 0x000001538c5c2170, 0x000001538c5c2e90,
0x000001538c5c3520, 0x000001538c5c6670, 0x000001538c5c52c0, 0x000001538c5c6d00,
0x000001538c5c5950, 0x000001538c5c3f10, 0x000001538c5c4c30, 0x000001538c5c5fe0,
0x000001538c5c7a20, 0x000001538c5c45a0, 0x000001539df42c80, 0x000001539a04c060,
0x000001539a04a620, 0x000001539a04c6f0
}

Java Threads: ( => current thread )
  0x000001532924d6e0 JavaThread "main"                              [_thread_blocked, id=7672, stack(0x0000004554600000,0x0000004554700000) (1024K)]
  0x00000153291fe330 JavaThread "Reference Handler"          daemon [_thread_blocked, id=19728, stack(0x0000004554a00000,0x0000004554b00000) (1024K)]
  0x00000153822dd4b0 JavaThread "Finalizer"                  daemon [_thread_blocked, id=7100, stack(0x0000004554b00000,0x0000004554c00000) (1024K)]
  0x00000153822df4c0 JavaThread "Signal Dispatcher"          daemon [_thread_blocked, id=27192, stack(0x0000004554c00000,0x0000004554d00000) (1024K)]
=>0x00000153822e0120 JavaThread "Attach Listener"            daemon [_thread_in_vm, id=17488, stack(0x0000004554d00000,0x0000004554e00000) (1024K)]
  0x00000153822e2b90 JavaThread "Service Thread"             daemon [_thread_blocked, id=11212, stack(0x0000004554e00000,0x0000004554f00000) (1024K)]
  0x00000153822e5600 JavaThread "Monitor Deflation Thread"   daemon [_thread_blocked, id=11648, stack(0x0000004554f00000,0x0000004555000000) (1024K)]
  0x00000153822e6440 JavaThread "C2 CompilerThread0"         daemon [_thread_blocked, id=28136, stack(0x0000004555000000,0x0000004555100000) (1024K)]
  0x000001538234ec40 JavaThread "C1 CompilerThread0"         daemon [_thread_blocked, id=28544, stack(0x0000004555100000,0x0000004555200000) (1024K)]
  0x00000153825707b0 JavaThread "Common-Cleaner"             daemon [_thread_blocked, id=28836, stack(0x0000004555300000,0x0000004555400000) (1024K)]
  0x0000015384357690 JavaThread "Notification Thread"        daemon [_thread_blocked, id=29124, stack(0x0000004555600000,0x0000004555700000) (1024K)]
  0x00000153893e43a0 JavaThread "Active Thread: Equinox Container: fb357af7-ac3d-4e66-9f40-7cd2fa04b077"        [_thread_blocked, id=28796, stack(0x0000004556000000,0x0000004556100000) (1024K)]
  0x00000153847a55e0 JavaThread "Refresh Thread: Equinox Container: fb357af7-ac3d-4e66-9f40-7cd2fa04b077" daemon [_thread_blocked, id=29524, stack(0x0000004555200000,0x0000004555300000) (1024K)]
  0x0000015389404650 JavaThread "Framework Event Dispatcher: Equinox Container: fb357af7-ac3d-4e66-9f40-7cd2fa04b077" daemon [_thread_blocked, id=29664, stack(0x0000004555400000,0x0000004555500000) (1024K)]
  0x00000153891a3290 JavaThread "Start Level: Equinox Container: fb357af7-ac3d-4e66-9f40-7cd2fa04b077" daemon [_thread_blocked, id=29320, stack(0x0000004555500000,0x0000004555600000) (1024K)]
  0x000001538900ead0 JavaThread "Bundle File Closer"         daemon [_thread_blocked, id=30792, stack(0x0000004556400000,0x0000004556500000) (1024K)]
  0x00000153898906b0 JavaThread "SCR Component Actor"        daemon [_thread_blocked, id=29724, stack(0x0000004556200000,0x0000004556300000) (1024K)]
  0x0000015389630dc0 JavaThread "Worker-JM"                         [_thread_blocked, id=25848, stack(0x0000004556900000,0x0000004556a00000) (1024K)]
  0x0000015389730b20 JavaThread "JNA Cleaner"                daemon [_thread_blocked, id=26856, stack(0x0000004556300000,0x0000004556400000) (1024K)]
  0x0000015389730490 JavaThread "Java indexing"              daemon [_thread_blocked, id=31872, stack(0x0000004557800000,0x0000004557900000) (1024K)]
  0x000001538c5bbf00 JavaThread "Thread-1"                   daemon [_thread_in_native, id=31984, stack(0x0000004557f00000,0x0000004558000000) (1024K)]
  0x000001538c5bfa10 JavaThread "Thread-2"                   daemon [_thread_in_native, id=31988, stack(0x0000004558000000,0x0000004558100000) (1024K)]
  0x000001538c5c00a0 JavaThread "Thread-3"                   daemon [_thread_in_native, id=31992, stack(0x0000004558100000,0x0000004558200000) (1024K)]
  0x000001538c5becf0 JavaThread "Thread-4"                   daemon [_thread_in_native, id=31996, stack(0x0000004558200000,0x0000004558300000) (1024K)]
  0x000001538c5bcc20 JavaThread "Thread-5"                   daemon [_thread_in_native, id=32000, stack(0x0000004558300000,0x0000004558400000) (1024K)]
  0x000001538c5bdfd0 JavaThread "Thread-6"                   daemon [_thread_in_native, id=32004, stack(0x0000004558400000,0x0000004558500000) (1024K)]
  0x000001538c5bd2b0 JavaThread "Thread-7"                   daemon [_thread_in_native, id=32008, stack(0x0000004558500000,0x0000004558600000) (1024K)]
  0x000001538c5be660 JavaThread "Thread-8"                   daemon [_thread_in_native, id=32012, stack(0x0000004558600000,0x0000004558700000) (1024K)]
  0x000001538c5c0730 JavaThread "Thread-9"                   daemon [_thread_in_native, id=32016, stack(0x0000004558700000,0x0000004558800000) (1024K)]
  0x000001538c5c0dc0 JavaThread "Thread-10"                  daemon [_thread_in_native, id=32020, stack(0x0000004558800000,0x0000004558900000) (1024K)]
  0x000001538c5bd940 JavaThread "Thread-11"                  daemon [_thread_in_native, id=32024, stack(0x0000004558900000,0x0000004558a00000) (1024K)]
  0x000001538c5c1ae0 JavaThread "Thread-12"                  daemon [_thread_in_native, id=32028, stack(0x0000004558a00000,0x0000004558b00000) (1024K)]
  0x000001538c5c2800 JavaThread "Thread-13"                  daemon [_thread_in_native, id=32032, stack(0x0000004558b00000,0x0000004558c00000) (1024K)]
  0x000001538c5c1450 JavaThread "Thread-14"                  daemon [_thread_in_native, id=32036, stack(0x0000004558c00000,0x0000004558d00000) (1024K)]
  0x000001538c5c2170 JavaThread "Thread-15"                  daemon [_thread_in_native, id=32040, stack(0x0000004558d00000,0x0000004558e00000) (1024K)]
  0x000001538c5c2e90 JavaThread "Thread-16"                  daemon [_thread_in_native, id=32044, stack(0x0000004558e00000,0x0000004558f00000) (1024K)]
  0x000001538c5c3520 JavaThread "Thread-17"                  daemon [_thread_in_native, id=32048, stack(0x0000004558f00000,0x0000004559000000) (1024K)]
  0x000001538c5c6670 JavaThread "Thread-18"                  daemon [_thread_in_native, id=32052, stack(0x0000004559000000,0x0000004559100000) (1024K)]
  0x000001538c5c52c0 JavaThread "Thread-19"                  daemon [_thread_in_native, id=32056, stack(0x0000004559100000,0x0000004559200000) (1024K)]
  0x000001538c5c6d00 JavaThread "Thread-20"                  daemon [_thread_in_native, id=32060, stack(0x0000004559200000,0x0000004559300000) (1024K)]
  0x000001538c5c5950 JavaThread "Thread-21"                  daemon [_thread_in_native, id=32064, stack(0x0000004559300000,0x0000004559400000) (1024K)]
  0x000001538c5c3f10 JavaThread "Thread-22"                  daemon [_thread_in_native, id=32068, stack(0x0000004559400000,0x0000004559500000) (1024K)]
  0x000001538c5c4c30 JavaThread "Thread-23"                  daemon [_thread_in_native, id=32072, stack(0x0000004559500000,0x0000004559600000) (1024K)]
  0x000001538c5c5fe0 JavaThread "pool-2-thread-1"                   [_thread_blocked, id=32168, stack(0x0000004559600000,0x0000004559700000) (1024K)]
  0x000001538c5c7a20 JavaThread "WorkspaceEventsHandler"            [_thread_blocked, id=32412, stack(0x0000004559700000,0x0000004559800000) (1024K)]
  0x000001538c5c45a0 JavaThread "pool-1-thread-1"                   [_thread_blocked, id=32416, stack(0x0000004559800000,0x0000004559900000) (1024K)]
  0x000001539df42c80 JavaThread "Cleaner-0"                  daemon [_thread_blocked, id=11552, stack(0x000000455d300000,0x000000455d400000) (1024K)]
  0x000001539a04c060 JavaThread "Worker-8"                          [_thread_blocked, id=33036, stack(0x0000004554300000,0x0000004554400000) (1024K)]
  0x000001539a04a620 JavaThread "Worker-9"                          [_thread_blocked, id=33040, stack(0x0000004554400000,0x0000004554500000) (1024K)]
  0x000001539a04c6f0 JavaThread "ForkJoinPool.commonPool-worker-24" daemon [_thread_blocked, id=28036, stack(0x0000004556500000,0x0000004556600000) (1024K)]
Total: 50

Other Threads:
  0x000001532930e9e0 VMThread "VM Thread"                           [id=28588, stack(0x0000004554900000,0x0000004554a00000) (1024K)]
  0x00000153290dca00 WatcherThread "VM Periodic Task Thread"        [id=21744, stack(0x0000004554800000,0x0000004554900000) (1024K)]
  0x000001532926ce70 WorkerThread "GC Thread#0"                     [id=27980, stack(0x0000004554700000,0x0000004554800000) (1024K)]
  0x000001538449c670 WorkerThread "GC Thread#1"                     [id=5296, stack(0x0000004555900000,0x0000004555a00000) (1024K)]
  0x0000015384abdbe0 WorkerThread "GC Thread#2"                     [id=26968, stack(0x0000004555a00000,0x0000004555b00000) (1024K)]
  0x0000015384abdf90 WorkerThread "GC Thread#3"                     [id=11804, stack(0x0000004555b00000,0x0000004555c00000) (1024K)]
  0x0000015384abe340 WorkerThread "GC Thread#4"                     [id=13648, stack(0x0000004555c00000,0x0000004555d00000) (1024K)]
  0x0000015384abe6f0 WorkerThread "GC Thread#5"                     [id=26336, stack(0x0000004555d00000,0x0000004555e00000) (1024K)]
  0x0000015384556350 WorkerThread "GC Thread#6"                     [id=11564, stack(0x0000004555e00000,0x0000004555f00000) (1024K)]
  0x00000153890c0dc0 WorkerThread "GC Thread#7"                     [id=16704, stack(0x0000004556100000,0x0000004556200000) (1024K)]
  0x000001538250e5e0 WorkerThread "GC Thread#8"                     [id=30744, stack(0x0000004555700000,0x0000004555800000) (1024K)]
  0x00000153823c56c0 WorkerThread "GC Thread#9"                     [id=30748, stack(0x0000004555800000,0x0000004555900000) (1024K)]
  0x00000153844f2790 WorkerThread "GC Thread#10"                    [id=30752, stack(0x0000004555f00000,0x0000004556000000) (1024K)]
  0x0000015389959d10 WorkerThread "GC Thread#11"                    [id=8812, stack(0x0000004556700000,0x0000004556800000) (1024K)]
  0x000001538995a0c0 WorkerThread "GC Thread#12"                    [id=26252, stack(0x0000004556a00000,0x0000004556b00000) (1024K)]
  0x00000153899595b0 WorkerThread "GC Thread#13"                    [id=4912, stack(0x0000004556e00000,0x0000004556f00000) (1024K)]
  0x000001538995a470 WorkerThread "GC Thread#14"                    [id=30756, stack(0x0000004556f00000,0x0000004557000000) (1024K)]
  0x000001538995a820 WorkerThread "GC Thread#15"                    [id=31752, stack(0x0000004557100000,0x0000004557200000) (1024K)]
Total: 18

Threads with active compile tasks:
Total: 0

VM state: not at safepoint (normal execution)

VM Mutex/Monitor currently owned by a thread: None

Heap address: 0x0000000080000000, size: 2048 MB, Compressed Oops mode: 32-bit

CDS archive(s) mapped at: [0x0000015340000000-0x0000015340ba0000-0x0000015340ba0000), size 12189696, SharedBaseAddress: 0x0000015340000000, ArchiveRelocationMode: 1.
Compressed class space mapped at: 0x0000015341000000-0x0000015381000000, reserved size: 1073741824
Narrow klass base: 0x0000015340000000, Narrow klass shift: 0, Narrow klass range: 0x100000000

GC Precious Log:
 CardTable entry size: 512
 CPUs: 22 total, 22 available
 Memory: 32212M
 Large Page Support: Disabled
 NUMA Support: Disabled
 Compressed Oops: Enabled (32-bit)
 Alignments: Space 512K, Generation 512K, Heap 2M
 Heap Min Capacity: 100M
 Heap Initial Capacity: 100M
 Heap Max Capacity: 2G
 Pre-touch: Disabled
 Parallel Workers: 16

Heap:
 PSYoungGen      total 2048K, used 1051K [0x00000000d5580000, 0x00000000d5880000, 0x0000000100000000)
  eden space 1024K, 41% used [0x00000000d5580000,0x00000000d55e9ce8,0x00000000d5680000)
  from space 1024K, 61% used [0x00000000d5680000,0x00000000d571d2f0,0x00000000d5780000)
  to   space 1024K, 0% used [0x00000000d5780000,0x00000000d5780000,0x00000000d5880000)
 ParOldGen       total 196096K, used 157768K [0x0000000080000000, 0x000000008bf80000, 0x00000000d5580000)
  object space 196096K, 80% used [0x0000000080000000,0x0000000089a12010,0x000000008bf80000)
 Metaspace       used 77188K, committed 78976K, reserved 1179648K
  class space    used 7800K, committed 8576K, reserved 1048576K

Card table byte_map: [0x0000015328bf0000,0x0000015329000000] _byte_map_base: 0x00000153287f0000

Marking Bits: (ParMarkBitMap*) 0x00007ffb5cde3450
 Begin Bits: [0x000001533b700000, 0x000001533d700000)
 End Bits:   [0x000001533d700000, 0x000001533f700000)

Polling page: 0x0000015327020000

Metaspace:

Usage:
  Non-class:     67.76 MB used.
      Class:      7.62 MB used.
       Both:     75.38 MB used.

Virtual space:
  Non-class space:      128.00 MB reserved,      68.75 MB ( 54%) committed,  2 nodes.
      Class space:        1.00 GB reserved,       8.38 MB ( <1%) committed,  1 nodes.
             Both:        1.12 GB reserved,      77.12 MB (  7%) committed. 

Chunk freelists:
   Non-Class:  11.17 MB
       Class:  7.65 MB
        Both:  18.82 MB

MaxMetaspaceSize: unlimited
CompressedClassSpaceSize: 1.00 GB
Initial GC threshold: 21.00 MB
Current GC threshold: 124.50 MB
CDS: on
 - commit_granule_bytes: 65536.
 - commit_granule_words: 8192.
 - virtual_space_node_default_size: 8388608.
 - enlarge_chunks_in_place: 1.
 - use_allocation_guard: 0.


Internal statistics:

num_allocs_failed_limit: 9.
num_arena_births: 1648.
num_arena_deaths: 64.
num_vsnodes_births: 3.
num_vsnodes_deaths: 0.
num_space_committed: 1234.
num_space_uncommitted: 0.
num_chunks_returned_to_freelist: 98.
num_chunks_taken_from_freelist: 5736.
num_chunk_merges: 33.
num_chunk_splits: 3314.
num_chunks_enlarged: 1610.
num_inconsistent_stats: 0.

CodeHeap 'non-profiled nmethods': size=119168Kb used=16856Kb max_used=16856Kb free=102311Kb
 bounds [0x0000015333ff0000, 0x0000015335070000, 0x000001533b450000]
CodeHeap 'profiled nmethods': size=119104Kb used=41391Kb max_used=41391Kb free=77713Kb
 bounds [0x000001532c450000, 0x000001532ecc0000, 0x00000153338a0000]
CodeHeap 'non-nmethods': size=7488Kb used=1479Kb max_used=3294Kb free=6008Kb
 bounds [0x00000153338a0000, 0x0000015333be0000, 0x0000015333ff0000]
CodeCache: size=245760Kb, used=59726Kb, max_used=61541Kb, free=186032Kb
 total_blobs=18054, nmethods=17256, adapters=699, full_count=0
Compilation: enabled, stopped_count=0, restarted_count=0

Compilation events (20 events):
Event: 18946.981 Thread 0x00000153822e6440 19154       4       org.eclipse.jdt.internal.compiler.classfmt.MethodInfo::decodeCodeAttribute (143 bytes)
Event: 18946.982 Thread 0x000001538234ec40 19156       3       org.eclipse.jdt.internal.compiler.lookup.ModuleBinding$$Lambda/0x000001534172aad8::accept (12 bytes)
Event: 18946.983 Thread 0x000001538234ec40 nmethod 19156 0x000001532ecb6e90 code [0x000001532ecb7140, 0x000001532ecb7fb0]
Event: 18946.985 Thread 0x000001538234ec40 19157       3       org.eclipse.jdt.internal.compiler.lookup.ArrayBinding::swapUnresolved (69 bytes)
Event: 18946.985 Thread 0x000001538234ec40 nmethod 19157 0x000001532ecb8490 code [0x000001532ecb8660, 0x000001532ecb89e0]
Event: 18946.991 Thread 0x000001538234ec40 19160       3       org.eclipse.jdt.internal.core.util.Util::fixTaskTags (234 bytes)
Event: 18946.992 Thread 0x000001538234ec40 nmethod 19160 0x000001532ecb8b90 code [0x000001532ecb8f20, 0x000001532ecba640]
Event: 18947.006 Thread 0x000001538234ec40 19161   !   3       org.eclipse.jdt.ls.core.internal.ConnectionStreamFactory$NamedPipeOutputStream::write (130 bytes)
Event: 18947.007 Thread 0x000001538234ec40 nmethod 19161 0x000001532ecbab90 code [0x000001532ecbadc0, 0x000001532ecbb4c0]
Event: 18947.022 Thread 0x00000153822e6440 nmethod 19154 0x0000015335060f10 code [0x00000153350611e0, 0x00000153350639a0]
Event: 18947.023 Thread 0x00000153822e6440 19158 %     4       org.eclipse.jdt.internal.compiler.lookup.PackageBinding::hasCompilationUnit @ 25 (101 bytes)
Event: 18947.028 Thread 0x00000153822e6440 nmethod 19158% 0x0000015335064b10 code [0x0000015335064d00, 0x0000015335065198]
Event: 18947.028 Thread 0x00000153822e6440 19159       4       org.eclipse.jdt.internal.core.JavaElement::getParent (5 bytes)
Event: 18947.029 Thread 0x00000153822e6440 nmethod 19159 0x0000015335065410 code [0x00000153350655a0, 0x0000015335065630]
Event: 18947.029 Thread 0x00000153822e6440 19155       4       java.util.stream.ReduceOps$4ReducingSink::accept (15 bytes)
Event: 18947.029 Thread 0x00000153822e6440 nmethod 19155 0x0000015335065710 code [0x00000153350658a0, 0x0000015335065960]
Event: 18965.849 Thread 0x00000153822e6440 19162       4       java.util.concurrent.ConcurrentHashMap::containsKey (14 bytes)
Event: 18965.852 Thread 0x00000153822e6440 nmethod 19162 0x0000015335065a10 code [0x0000015335065bc0, 0x0000015335065ed0]
Event: 19055.871 Thread 0x000001538234ec40 19163       3       java.lang.ref.ReferenceQueue::await (15 bytes)
Event: 19055.872 Thread 0x000001538234ec40 nmethod 19163 0x000001532ecbb790 code [0x000001532ecbb940, 0x000001532ecbbae0]

GC Heap History (20 events):
Event: 18946.915 GC heap before
{Heap before GC invocations=474 (full 4):
 PSYoungGen      total 3072K, used 2522K [0x00000000d5580000, 0x00000000d5980000, 0x0000000100000000)
  eden space 2048K, 100% used [0x00000000d5580000,0x00000000d5780000,0x00000000d5780000)
  from space 1024K, 46% used [0x00000000d5780000,0x00000000d57f6900,0x00000000d5880000)
  to   space 1024K, 0% used [0x00000000d5880000,0x00000000d5880000,0x00000000d5980000)
 ParOldGen       total 196096K, used 148660K [0x0000000080000000, 0x000000008bf80000, 0x00000000d5580000)
  object space 196096K, 75% used [0x0000000080000000,0x000000008912d098,0x000000008bf80000)
 Metaspace       used 77181K, committed 78976K, reserved 1179648K
  class space    used 7799K, committed 8576K, reserved 1048576K
}
Event: 18946.916 GC heap after
{Heap after GC invocations=474 (full 4):
 PSYoungGen      total 1536K, used 1015K [0x00000000d5580000, 0x00000000d5c80000, 0x0000000100000000)
  eden space 512K, 0% used [0x00000000d5580000,0x00000000d5580000,0x00000000d5600000)
  from space 1024K, 99% used [0x00000000d5880000,0x00000000d597dc30,0x00000000d5980000)
  to   space 2560K, 0% used [0x00000000d5600000,0x00000000d5600000,0x00000000d5880000)
 ParOldGen       total 196096K, used 149480K [0x0000000080000000, 0x000000008bf80000, 0x00000000d5580000)
  object space 196096K, 76% used [0x0000000080000000,0x00000000891fa068,0x000000008bf80000)
 Metaspace       used 77181K, committed 78976K, reserved 1179648K
  class space    used 7799K, committed 8576K, reserved 1048576K
}
Event: 18946.919 GC heap before
{Heap before GC invocations=475 (full 4):
 PSYoungGen      total 1536K, used 1527K [0x00000000d5580000, 0x00000000d5c80000, 0x0000000100000000)
  eden space 512K, 100% used [0x00000000d5580000,0x00000000d5600000,0x00000000d5600000)
  from space 1024K, 99% used [0x00000000d5880000,0x00000000d597dc30,0x00000000d5980000)
  to   space 2560K, 0% used [0x00000000d5600000,0x00000000d5600000,0x00000000d5880000)
 ParOldGen       total 196096K, used 149480K [0x0000000080000000, 0x000000008bf80000, 0x00000000d5580000)
  object space 196096K, 76% used [0x0000000080000000,0x00000000891fa068,0x000000008bf80000)
 Metaspace       used 77181K, committed 78976K, reserved 1179648K
  class space    used 7799K, committed 8576K, reserved 1048576K
}
Event: 18946.921 GC heap after
{Heap after GC invocations=475 (full 4):
 PSYoungGen      total 1536K, used 669K [0x00000000d5580000, 0x00000000d5900000, 0x0000000100000000)
  eden space 512K, 0% used [0x00000000d5580000,0x00000000d5580000,0x00000000d5600000)
  from space 1024K, 65% used [0x00000000d5600000,0x00000000d56a74e0,0x00000000d5700000)
  to   space 1536K, 0% used [0x00000000d5780000,0x00000000d5780000,0x00000000d5900000)
 ParOldGen       total 196096K, used 150561K [0x0000000080000000, 0x000000008bf80000, 0x00000000d5580000)
  object space 196096K, 76% used [0x0000000080000000,0x00000000893086f8,0x000000008bf80000)
 Metaspace       used 77181K, committed 78976K, reserved 1179648K
  class space    used 7799K, committed 8576K, reserved 1048576K
}
Event: 18946.923 GC heap before
{Heap before GC invocations=476 (full 4):
 PSYoungGen      total 1536K, used 1181K [0x00000000d5580000, 0x00000000d5900000, 0x0000000100000000)
  eden space 512K, 100% used [0x00000000d5580000,0x00000000d5600000,0x00000000d5600000)
  from space 1024K, 65% used [0x00000000d5600000,0x00000000d56a74e0,0x00000000d5700000)
  to   space 1536K, 0% used [0x00000000d5780000,0x00000000d5780000,0x00000000d5900000)
 ParOldGen       total 196096K, used 150561K [0x0000000080000000, 0x000000008bf80000, 0x00000000d5580000)
  object space 196096K, 76% used [0x0000000080000000,0x00000000893086f8,0x000000008bf80000)
 Metaspace       used 77181K, committed 78976K, reserved 1179648K
  class space    used 7799K, committed 8576K, reserved 1048576K
}
Event: 18946.925 GC heap after
{Heap after GC invocations=476 (full 4):
 PSYoungGen      total 2048K, used 829K [0x00000000d5580000, 0x00000000d5880000, 0x0000000100000000)
  eden space 1024K, 0% used [0x00000000d5580000,0x00000000d5580000,0x00000000d5680000)
  from space 1024K, 80% used [0x00000000d5780000,0x00000000d584f4d8,0x00000000d5880000)
  to   space 1024K, 0% used [0x00000000d5680000,0x00000000d5680000,0x00000000d5780000)
 ParOldGen       total 196096K, used 151011K [0x0000000080000000, 0x000000008bf80000, 0x00000000d5580000)
  object space 196096K, 77% used [0x0000000080000000,0x0000000089378ce8,0x000000008bf80000)
 Metaspace       used 77181K, committed 78976K, reserved 1179648K
  class space    used 7799K, committed 8576K, reserved 1048576K
}
Event: 18946.935 GC heap before
{Heap before GC invocations=477 (full 4):
 PSYoungGen      total 2048K, used 1853K [0x00000000d5580000, 0x00000000d5880000, 0x0000000100000000)
  eden space 1024K, 99% used [0x00000000d5580000,0x00000000d567ffe8,0x00000000d5680000)
  from space 1024K, 80% used [0x00000000d5780000,0x00000000d584f4d8,0x00000000d5880000)
  to   space 1024K, 0% used [0x00000000d5680000,0x00000000d5680000,0x00000000d5780000)
 ParOldGen       total 196096K, used 151787K [0x0000000080000000, 0x000000008bf80000, 0x00000000d5580000)
  object space 196096K, 77% used [0x0000000080000000,0x000000008943adf0,0x000000008bf80000)
 Metaspace       used 77181K, committed 78976K, reserved 1179648K
  class space    used 7799K, committed 8576K, reserved 1048576K
}
Event: 18946.936 GC heap after
{Heap after GC invocations=477 (full 4):
 PSYoungGen      total 2048K, used 995K [0x00000000d5580000, 0x00000000d5a80000, 0x0000000100000000)
  eden space 1024K, 0% used [0x00000000d5580000,0x00000000d5580000,0x00000000d5680000)
  from space 1024K, 97% used [0x00000000d5680000,0x00000000d5778da0,0x00000000d5780000)
  to   space 2048K, 0% used [0x00000000d5880000,0x00000000d5880000,0x00000000d5a80000)
 ParOldGen       total 196096K, used 152304K [0x0000000080000000, 0x000000008bf80000, 0x00000000d5580000)
  object space 196096K, 77% used [0x0000000080000000,0x00000000894bc0c8,0x000000008bf80000)
 Metaspace       used 77181K, committed 78976K, reserved 1179648K
  class space    used 7799K, committed 8576K, reserved 1048576K
}
Event: 18946.943 GC heap before
{Heap before GC invocations=478 (full 4):
 PSYoungGen      total 2048K, used 2019K [0x00000000d5580000, 0x00000000d5a80000, 0x0000000100000000)
  eden space 1024K, 100% used [0x00000000d5580000,0x00000000d5680000,0x00000000d5680000)
  from space 1024K, 97% used [0x00000000d5680000,0x00000000d5778da0,0x00000000d5780000)
  to   space 2048K, 0% used [0x00000000d5880000,0x00000000d5880000,0x00000000d5a80000)
 ParOldGen       total 196096K, used 153068K [0x0000000080000000, 0x000000008bf80000, 0x00000000d5580000)
  object space 196096K, 78% used [0x0000000080000000,0x000000008957b2a8,0x000000008bf80000)
 Metaspace       used 77181K, committed 78976K, reserved 1179648K
  class space    used 7799K, committed 8576K, reserved 1048576K
}
Event: 18946.945 GC heap after
{Heap after GC invocations=478 (full 4):
 PSYoungGen      total 2560K, used 1081K [0x00000000d5580000, 0x00000000d5a00000, 0x0000000100000000)
  eden space 1024K, 0% used [0x00000000d5580000,0x00000000d5580000,0x00000000d5680000)
  from space 1536K, 70% used [0x00000000d5880000,0x00000000d598e428,0x00000000d5a00000)
  to   space 1536K, 0% used [0x00000000d5700000,0x00000000d5700000,0x00000000d5880000)
 ParOldGen       total 196096K, used 153911K [0x0000000080000000, 0x000000008bf80000, 0x00000000d5580000)
  object space 196096K, 78% used [0x0000000080000000,0x000000008964de58,0x000000008bf80000)
 Metaspace       used 77181K, committed 78976K, reserved 1179648K
  class space    used 7799K, committed 8576K, reserved 1048576K
}
Event: 18946.951 GC heap before
{Heap before GC invocations=479 (full 4):
 PSYoungGen      total 2560K, used 2105K [0x00000000d5580000, 0x00000000d5a00000, 0x0000000100000000)
  eden space 1024K, 100% used [0x00000000d5580000,0x00000000d5680000,0x00000000d5680000)
  from space 1536K, 70% used [0x00000000d5880000,0x00000000d598e428,0x00000000d5a00000)
  to   space 1536K, 0% used [0x00000000d5700000,0x00000000d5700000,0x00000000d5880000)
 ParOldGen       total 196096K, used 153911K [0x0000000080000000, 0x000000008bf80000, 0x00000000d5580000)
  object space 196096K, 78% used [0x0000000080000000,0x000000008964de58,0x000000008bf80000)
 Metaspace       used 77181K, committed 78976K, reserved 1179648K
  class space    used 7799K, committed 8576K, reserved 1048576K
}
Event: 18946.952 GC heap after
{Heap after GC invocations=479 (full 4):
 PSYoungGen      total 2560K, used 1145K [0x00000000d5580000, 0x00000000d5980000, 0x0000000100000000)
  eden space 1024K, 0% used [0x00000000d5580000,0x00000000d5580000,0x00000000d5680000)
  from space 1536K, 74% used [0x00000000d5700000,0x00000000d581e688,0x00000000d5880000)
  to   space 1024K, 0% used [0x00000000d5880000,0x00000000d5880000,0x00000000d5980000)
 ParOldGen       total 196096K, used 154731K [0x0000000080000000, 0x000000008bf80000, 0x00000000d5580000)
  object space 196096K, 78% used [0x0000000080000000,0x000000008971ace0,0x000000008bf80000)
 Metaspace       used 77181K, committed 78976K, reserved 1179648K
  class space    used 7799K, committed 8576K, reserved 1048576K
}
Event: 18946.958 GC heap before
{Heap before GC invocations=480 (full 4):
 PSYoungGen      total 2560K, used 2169K [0x00000000d5580000, 0x00000000d5980000, 0x0000000100000000)
  eden space 1024K, 100% used [0x00000000d5580000,0x00000000d5680000,0x00000000d5680000)
  from space 1536K, 74% used [0x00000000d5700000,0x00000000d581e688,0x00000000d5880000)
  to   space 1024K, 0% used [0x00000000d5880000,0x00000000d5880000,0x00000000d5980000)
 ParOldGen       total 196096K, used 154731K [0x0000000080000000, 0x000000008bf80000, 0x00000000d5580000)
  object space 196096K, 78% used [0x0000000080000000,0x000000008971ace0,0x000000008bf80000)
 Metaspace       used 77181K, committed 78976K, reserved 1179648K
  class space    used 7799K, committed 8576K, reserved 1048576K
}
Event: 18946.960 GC heap after
{Heap after GC invocations=480 (full 4):
 PSYoungGen      total 2048K, used 999K [0x00000000d5580000, 0x00000000d5a80000, 0x0000000100000000)
  eden space 1024K, 0% used [0x00000000d5580000,0x00000000d5580000,0x00000000d5680000)
  from space 1024K, 97% used [0x00000000d5880000,0x00000000d5979cb8,0x00000000d5980000)
  to   space 2048K, 0% used [0x00000000d5680000,0x00000000d5680000,0x00000000d5880000)
 ParOldGen       total 196096K, used 155564K [0x0000000080000000, 0x000000008bf80000, 0x00000000d5580000)
  object space 196096K, 79% used [0x0000000080000000,0x00000000897eb080,0x000000008bf80000)
 Metaspace       used 77181K, committed 78976K, reserved 1179648K
  class space    used 7799K, committed 8576K, reserved 1048576K
}
Event: 18946.969 GC heap before
{Heap before GC invocations=481 (full 4):
 PSYoungGen      total 2048K, used 2023K [0x00000000d5580000, 0x00000000d5a80000, 0x0000000100000000)
  eden space 1024K, 100% used [0x00000000d5580000,0x00000000d5680000,0x00000000d5680000)
  from space 1024K, 97% used [0x00000000d5880000,0x00000000d5979cb8,0x00000000d5980000)
  to   space 2048K, 0% used [0x00000000d5680000,0x00000000d5680000,0x00000000d5880000)
 ParOldGen       total 196096K, used 155564K [0x0000000080000000, 0x000000008bf80000, 0x00000000d5580000)
  object space 196096K, 79% used [0x0000000080000000,0x00000000897eb080,0x000000008bf80000)
 Metaspace       used 77181K, committed 78976K, reserved 1179648K
  class space    used 7799K, committed 8576K, reserved 1048576K
}
Event: 18946.971 GC heap after
{Heap after GC invocations=481 (full 4):
 PSYoungGen      total 2048K, used 1022K [0x00000000d5580000, 0x00000000d5980000, 0x0000000100000000)
  eden space 1024K, 0% used [0x00000000d5580000,0x00000000d5580000,0x00000000d5680000)
  from space 1024K, 99% used [0x00000000d5680000,0x00000000d577f818,0x00000000d5780000)
  to   space 1536K, 0% used [0x00000000d5800000,0x00000000d5800000,0x00000000d5980000)
 ParOldGen       total 196096K, used 156400K [0x0000000080000000, 0x000000008bf80000, 0x00000000d5580000)
  object space 196096K, 79% used [0x0000000080000000,0x00000000898bc2d0,0x000000008bf80000)
 Metaspace       used 77181K, committed 78976K, reserved 1179648K
  class space    used 7799K, committed 8576K, reserved 1048576K
}
Event: 18946.977 GC heap before
{Heap before GC invocations=482 (full 4):
 PSYoungGen      total 2048K, used 2046K [0x00000000d5580000, 0x00000000d5980000, 0x0000000100000000)
  eden space 1024K, 100% used [0x00000000d5580000,0x00000000d5680000,0x00000000d5680000)
  from space 1024K, 99% used [0x00000000d5680000,0x00000000d577f818,0x00000000d5780000)
  to   space 1536K, 0% used [0x00000000d5800000,0x00000000d5800000,0x00000000d5980000)
 ParOldGen       total 196096K, used 156400K [0x0000000080000000, 0x000000008bf80000, 0x00000000d5580000)
  object space 196096K, 79% used [0x0000000080000000,0x00000000898bc2d0,0x000000008bf80000)
 Metaspace       used 77184K, committed 78976K, reserved 1179648K
  class space    used 7799K, committed 8576K, reserved 1048576K
}
Event: 18946.979 GC heap after
{Heap after GC invocations=482 (full 4):
 PSYoungGen      total 2048K, used 768K [0x00000000d5580000, 0x00000000d5900000, 0x0000000100000000)
  eden space 1024K, 0% used [0x00000000d5580000,0x00000000d5580000,0x00000000d5680000)
  from space 1024K, 75% used [0x00000000d5800000,0x00000000d58c0000,0x00000000d5900000)
  to   space 1024K, 0% used [0x00000000d5680000,0x00000000d5680000,0x00000000d5780000)
 ParOldGen       total 196096K, used 157232K [0x0000000080000000, 0x000000008bf80000, 0x00000000d5580000)
  object space 196096K, 80% used [0x0000000080000000,0x000000008998c010,0x000000008bf80000)
 Metaspace       used 77184K, committed 78976K, reserved 1179648K
  class space    used 7799K, committed 8576K, reserved 1048576K
}
Event: 18946.987 GC heap before
{Heap before GC invocations=483 (full 4):
 PSYoungGen      total 2048K, used 1791K [0x00000000d5580000, 0x00000000d5900000, 0x0000000100000000)
  eden space 1024K, 99% used [0x00000000d5580000,0x00000000d567ffe8,0x00000000d5680000)
  from space 1024K, 75% used [0x00000000d5800000,0x00000000d58c0000,0x00000000d5900000)
  to   space 1024K, 0% used [0x00000000d5680000,0x00000000d5680000,0x00000000d5780000)
 ParOldGen       total 196096K, used 157232K [0x0000000080000000, 0x000000008bf80000, 0x00000000d5580000)
  object space 196096K, 80% used [0x0000000080000000,0x000000008998c010,0x000000008bf80000)
 Metaspace       used 77185K, committed 78976K, reserved 1179648K
  class space    used 7799K, committed 8576K, reserved 1048576K
}
Event: 18946.989 GC heap after
{Heap after GC invocations=483 (full 4):
 PSYoungGen      total 2048K, used 628K [0x00000000d5580000, 0x00000000d5880000, 0x0000000100000000)
  eden space 1024K, 0% used [0x00000000d5580000,0x00000000d5580000,0x00000000d5680000)
  from space 1024K, 61% used [0x00000000d5680000,0x00000000d571d2f0,0x00000000d5780000)
  to   space 1024K, 0% used [0x00000000d5780000,0x00000000d5780000,0x00000000d5880000)
 ParOldGen       total 196096K, used 157768K [0x0000000080000000, 0x000000008bf80000, 0x00000000d5580000)
  object space 196096K, 80% used [0x0000000080000000,0x0000000089a12010,0x000000008bf80000)
 Metaspace       used 77185K, committed 78976K, reserved 1179648K
  class space    used 7799K, committed 8576K, reserved 1048576K
}

Dll operation events (10 events):
Event: 0.017 Loaded shared library c:\Users\Bilal\.vscode\extensions\redhat.java-1.54.0-win32-x64\jre\21.0.10-win32-x86_64\bin\java.dll
Event: 0.093 Loaded shared library c:\Users\Bilal\.vscode\extensions\redhat.java-1.54.0-win32-x64\jre\21.0.10-win32-x86_64\bin\zip.dll
Event: 0.113 Loaded shared library C:\Users\Bilal\.vscode\extensions\redhat.java-1.54.0-win32-x64\jre\21.0.10-win32-x86_64\bin\instrument.dll
Event: 0.119 Loaded shared library C:\Users\Bilal\.vscode\extensions\redhat.java-1.54.0-win32-x64\jre\21.0.10-win32-x86_64\bin\net.dll
Event: 0.123 Loaded shared library C:\Users\Bilal\.vscode\extensions\redhat.java-1.54.0-win32-x64\jre\21.0.10-win32-x86_64\bin\nio.dll
Event: 0.131 Loaded shared library C:\Users\Bilal\.vscode\extensions\redhat.java-1.54.0-win32-x64\jre\21.0.10-win32-x86_64\bin\zip.dll
Event: 0.151 Loaded shared library C:\Users\Bilal\.vscode\extensions\redhat.java-1.54.0-win32-x64\jre\21.0.10-win32-x86_64\bin\jimage.dll
Event: 0.240 Loaded shared library c:\Users\Bilal\.vscode\extensions\redhat.java-1.54.0-win32-x64\jre\21.0.10-win32-x86_64\bin\verify.dll
Event: 10.427 Loaded shared library C:\Users\Bilal\AppData\Roaming\Code\User\globalStorage\redhat.java\1.54.0\config_win\org.eclipse.equinox.launcher\org.eclipse.equinox.launcher.win32.win32.x86_64_1.3.0.v20260203-2149\eclipse_11919.dll
Event: 30.071 Loaded shared library C:\Users\Bilal\AppData\Local\Temp\jna-64187344\jna18315868548952237221.dll

Deoptimization events (20 events):
Event: 18946.973 Thread 0x000001539a048be0 Uncommon trap: trap_request=0xffffffc6 fr.pc=0x0000015334b3a5cc relative=0x000000000000090c
Event: 18946.973 Thread 0x000001539a048be0 Uncommon trap: reason=bimorphic_or_optimized_type_check action=maybe_recompile pc=0x0000015334b3a5cc method=org.eclipse.jdt.internal.compiler.lookup.PackageBinding.hasCompilationUnit(Z)Z @ 93 c2
Event: 18946.973 Thread 0x000001539a048be0 DEOPT PACKING pc=0x0000015334b3a5cc sp=0x00000045545fe490
Event: 18946.973 Thread 0x000001539a048be0 DEOPT UNPACKING pc=0x00000153338f3aa2 sp=0x00000045545fe408 mode 2
Event: 18946.973 Thread 0x000001539a048be0 Uncommon trap: trap_request=0xffffffc6 fr.pc=0x0000015334b3a5cc relative=0x000000000000090c
Event: 18946.973 Thread 0x000001539a048be0 Uncommon trap: reason=bimorphic_or_optimized_type_check action=maybe_recompile pc=0x0000015334b3a5cc method=org.eclipse.jdt.internal.compiler.lookup.PackageBinding.hasCompilationUnit(Z)Z @ 93 c2
Event: 18946.973 Thread 0x000001539a048be0 DEOPT PACKING pc=0x0000015334b3a5cc sp=0x00000045545fe490
Event: 18946.973 Thread 0x000001539a048be0 DEOPT UNPACKING pc=0x00000153338f3aa2 sp=0x00000045545fe408 mode 2
Event: 18946.973 Thread 0x000001539a048be0 Uncommon trap: trap_request=0xffffffc6 fr.pc=0x0000015334b3a5cc relative=0x000000000000090c
Event: 18946.973 Thread 0x000001539a048be0 Uncommon trap: reason=bimorphic_or_optimized_type_check action=maybe_recompile pc=0x0000015334b3a5cc method=org.eclipse.jdt.internal.compiler.lookup.PackageBinding.hasCompilationUnit(Z)Z @ 93 c2
Event: 18946.973 Thread 0x000001539a048be0 DEOPT PACKING pc=0x0000015334b3a5cc sp=0x00000045545fe490
Event: 18946.973 Thread 0x000001539a048be0 DEOPT UNPACKING pc=0x00000153338f3aa2 sp=0x00000045545fe408 mode 2
Event: 18946.986 Thread 0x000001539a048be0 Uncommon trap: trap_request=0xffffffc6 fr.pc=0x0000015334b3a5cc relative=0x000000000000090c
Event: 18946.986 Thread 0x000001539a048be0 Uncommon trap: reason=bimorphic_or_optimized_type_check action=maybe_recompile pc=0x0000015334b3a5cc method=org.eclipse.jdt.internal.compiler.lookup.PackageBinding.hasCompilationUnit(Z)Z @ 93 c2
Event: 18946.986 Thread 0x000001539a048be0 DEOPT PACKING pc=0x0000015334b3a5cc sp=0x00000045545fdef0
Event: 18946.986 Thread 0x000001539a048be0 DEOPT UNPACKING pc=0x00000153338f3aa2 sp=0x00000045545fde68 mode 2
Event: 18946.991 Thread 0x000001539a048be0 Uncommon trap: trap_request=0xffffff45 fr.pc=0x0000015335032714 relative=0x0000000000002a94
Event: 18946.991 Thread 0x000001539a048be0 Uncommon trap: reason=unstable_if action=reinterpret pc=0x0000015335032714 method=lombok.eclipse.EclipseAST.rebuild(Z)V @ 30 c2
Event: 18946.991 Thread 0x000001539a048be0 DEOPT PACKING pc=0x0000015335032714 sp=0x00000045545fde20
Event: 18946.991 Thread 0x000001539a048be0 DEOPT UNPACKING pc=0x00000153338f3aa2 sp=0x00000045545fdc88 mode 2

Classes loaded (20 events):
Event: 57.498 Loading class java/util/stream/ReduceOps$1
Event: 57.498 Loading class java/util/stream/ReduceOps$1 done
Event: 57.498 Loading class java/util/stream/ReduceOps$1ReducingSink
Event: 57.498 Loading class java/util/stream/ReduceOps$1ReducingSink done
Event: 352.700 Loading class java/util/stream/Nodes$CollectorTask$OfRef
Event: 352.700 Loading class java/util/stream/Nodes$CollectorTask
Event: 352.700 Loading class java/util/stream/Nodes$CollectorTask done
Event: 352.700 Loading class java/util/stream/Nodes$CollectorTask$OfRef done
Event: 352.704 Loading class java/util/function/LongFunction
Event: 352.704 Loading class java/util/function/LongFunction done
Event: 352.704 Loading class java/util/stream/Nodes$ConcNode
Event: 352.704 Loading class java/util/stream/Nodes$AbstractConcNode
Event: 352.704 Loading class java/util/stream/Nodes$AbstractConcNode done
Event: 352.704 Loading class java/util/stream/Nodes$ConcNode done
Event: 352.712 Loading class java/io/ObjectOutputStream$BlockDataOutputStream
Event: 352.712 Loading class java/io/ObjectOutputStream$BlockDataOutputStream done
Event: 352.712 Loading class java/io/ObjectOutputStream$HandleTable
Event: 352.712 Loading class java/io/ObjectOutputStream$HandleTable done
Event: 352.712 Loading class java/io/ObjectOutputStream$ReplaceTable
Event: 352.712 Loading class java/io/ObjectOutputStream$ReplaceTable done

Classes unloaded (20 events):
Event: 55.659 Thread 0x000001532930e9e0 Unloading class 0x000001534177bc00 'java/lang/invoke/LambdaForm$MH+0x000001534177bc00'
Event: 55.659 Thread 0x000001532930e9e0 Unloading class 0x000001534177b000 'java/lang/invoke/LambdaForm$MH+0x000001534177b000'
Event: 55.659 Thread 0x000001532930e9e0 Unloading class 0x000001534177ac00 'java/lang/invoke/LambdaForm$MH+0x000001534177ac00'
Event: 55.659 Thread 0x000001532930e9e0 Unloading class 0x000001534177a400 'java/lang/invoke/LambdaForm$MH+0x000001534177a400'
Event: 55.659 Thread 0x000001532930e9e0 Unloading class 0x000001534177a000 'java/lang/invoke/LambdaForm$MH+0x000001534177a000'
Event: 55.659 Thread 0x000001532930e9e0 Unloading class 0x0000015341768c00 'java/lang/invoke/LambdaForm$MH+0x0000015341768c00'
Event: 55.659 Thread 0x000001532930e9e0 Unloading class 0x0000015341768800 'java/lang/invoke/LambdaForm$MH+0x0000015341768800'
Event: 55.659 Thread 0x000001532930e9e0 Unloading class 0x0000015341768000 'java/lang/invoke/LambdaForm$DMH+0x0000015341768000'
Event: 55.659 Thread 0x000001532930e9e0 Unloading class 0x0000015341761c00 'java/lang/invoke/LambdaForm$DMH+0x0000015341761c00'
Event: 55.659 Thread 0x000001532930e9e0 Unloading class 0x0000015341761400 'java/lang/invoke/LambdaForm$DMH+0x0000015341761400'
Event: 55.659 Thread 0x000001532930e9e0 Unloading class 0x0000015341761000 'java/lang/invoke/LambdaForm$DMH+0x0000015341761000'
Event: 55.659 Thread 0x000001532930e9e0 Unloading class 0x0000015341760800 'java/lang/invoke/LambdaForm$DMH+0x0000015341760800'
Event: 55.659 Thread 0x000001532930e9e0 Unloading class 0x0000015341760400 'java/lang/invoke/LambdaForm$DMH+0x0000015341760400'
Event: 55.659 Thread 0x000001532930e9e0 Unloading class 0x0000015341738c00 'java/lang/invoke/LambdaForm$DMH+0x0000015341738c00'
Event: 55.659 Thread 0x000001532930e9e0 Unloading class 0x0000015341738800 'java/lang/invoke/LambdaForm$DMH+0x0000015341738800'
Event: 55.659 Thread 0x000001532930e9e0 Unloading class 0x0000015341738400 'java/lang/invoke/LambdaForm$DMH+0x0000015341738400'
Event: 55.659 Thread 0x000001532930e9e0 Unloading class 0x0000015341705400 'java/lang/invoke/LambdaForm$DMH+0x0000015341705400'
Event: 55.659 Thread 0x000001532930e9e0 Unloading class 0x0000015341705000 'java/lang/invoke/LambdaForm$DMH+0x0000015341705000'
Event: 55.659 Thread 0x000001532930e9e0 Unloading class 0x0000015341704c00 'java/lang/invoke/LambdaForm$DMH+0x0000015341704c00'
Event: 55.659 Thread 0x000001532930e9e0 Unloading class 0x0000015341704400 'java/lang/invoke/LambdaForm$DMH+0x0000015341704400'

Classes redefined (0 events):
No events

Internal exceptions (20 events):
Event: 56.130 Thread 0x000001538972fe00 Exception <a 'java/lang/NoSuchMethodError'{0x00000000d55c3600}: 'java.lang.Object java.lang.invoke.DirectMethodHandle$Holder.invokeSpecial(java.lang.Object, java.lang.Object, java.lang.Object, int, java.lang.Object, java.lang.Object, java.lang.Object)'> (0x00000000d55c3600) 
thrown [s\src\hotspot\share\interpreter\linkResolver.cpp, line 773]
Event: 56.166 Thread 0x000001538972fe00 Exception <a 'java/lang/NoSuchMethodError'{0x00000000d564f9a0}: 'void java.lang.invoke.DirectMethodHandle$Holder.invokeStatic(java.lang.Object, int)'> (0x00000000d564f9a0) 
thrown [s\src\hotspot\share\interpreter\linkResolver.cpp, line 773]
Event: 56.514 Thread 0x000001538972fe00 Exception <a 'java/io/FileNotFoundException'{0x00000000d5632960}> (0x00000000d5632960) 
thrown [s\src\hotspot\share\prims\jni.cpp, line 520]
Event: 56.514 Thread 0x000001538972fe00 Exception <a 'java/io/FileNotFoundException'{0x00000000d5633bf8}> (0x00000000d5633bf8) 
thrown [s\src\hotspot\share\prims\jni.cpp, line 520]
Event: 56.514 Thread 0x000001538972fe00 Exception <a 'java/io/FileNotFoundException'{0x00000000d5634be8}> (0x00000000d5634be8) 
thrown [s\src\hotspot\share\prims\jni.cpp, line 520]
Event: 56.556 Thread 0x000001538972fe00 Implicit null exception at 0x00000153347e2215 to 0x00000153347e2804
Event: 56.762 Thread 0x000001538972fe00 Implicit null exception at 0x00000153343e2c63 to 0x00000153343e39d4
Event: 57.344 Thread 0x0000015389731ed0 Exception <a 'sun/nio/fs/WindowsException'{0x00000000d56421f0}> (0x00000000d56421f0) 
thrown [s\src\hotspot\share\prims\jni.cpp, line 520]
Event: 57.344 Thread 0x0000015389731ed0 Exception <a 'sun/nio/fs/WindowsException'{0x00000000d5642818}> (0x00000000d5642818) 
thrown [s\src\hotspot\share\prims\jni.cpp, line 520]
Event: 61.630 Thread 0x000001538c5c45a0 Exception <a 'java/lang/IncompatibleClassChangeError'{0x00000000d566de58}: Found class java.lang.Object, but interface was expected> (0x00000000d566de58) 
thrown [s\src\hotspot\share\interpreter\linkResolver.cpp, line 840]
Event: 61.640 Thread 0x0000015389916e90 Exception <a 'java/lang/NoSuchMethodError'{0x00000000d56af5e0}: 'java.lang.Object java.lang.invoke.DirectMethodHandle$Holder.invokeSpecial(java.lang.Object, java.lang.Object, java.lang.Object, java.lang.Object, int, java.lang.Object, java.lang.Object)'> (0x00000000d56af5e0) 
thrown [s\src\hotspot\share\interpreter\linkResolver.cpp, line 773]
Event: 62.108 Thread 0x000001539ad985f0 Exception <a 'sun/nio/fs/WindowsException'{0x00000000d56d5088}> (0x00000000d56d5088) 
thrown [s\src\hotspot\share\prims\jni.cpp, line 520]
Event: 62.108 Thread 0x000001539ad985f0 Exception <a 'sun/nio/fs/WindowsException'{0x00000000d56d56d0}> (0x00000000d56d56d0) 
thrown [s\src\hotspot\share\prims\jni.cpp, line 520]
Event: 62.123 Thread 0x000001539ad985f0 Exception <a 'sun/nio/fs/WindowsException'{0x00000000d5610fc0}> (0x00000000d5610fc0) 
thrown [s\src\hotspot\share\prims\jni.cpp, line 520]
Event: 62.123 Thread 0x000001539ad985f0 Exception <a 'sun/nio/fs/WindowsException'{0x00000000d5628038}> (0x00000000d5628038) 
thrown [s\src\hotspot\share\prims\jni.cpp, line 520]
Event: 352.709 Thread 0x000001539a04c060 Exception <a 'sun/nio/fs/WindowsException'{0x00000000d56530e8}> (0x00000000d56530e8) 
thrown [s\src\hotspot\share\prims\jni.cpp, line 520]
Event: 352.709 Thread 0x000001539a04c060 Exception <a 'sun/nio/fs/WindowsException'{0x00000000d56539e0}> (0x00000000d56539e0) 
thrown [s\src\hotspot\share\prims\jni.cpp, line 520]
Event: 352.710 Thread 0x000001539a04c060 Implicit null exception at 0x0000015334a376a5 to 0x0000015334a37930
Event: 352.722 Thread 0x000001539a04c060 Exception <a 'java/lang/NoSuchMethodError'{0x00000000d56ee408}: static [J.<clinit>()V> (0x00000000d56ee408) 
thrown [s\src\hotspot\share\prims\jni.cpp, line 1111]
Event: 352.729 Thread 0x000001539a04c060 Exception <a 'java/lang/NoSuchMethodError'{0x00000000d55a7908}: 'java.lang.Object java.lang.invoke.DirectMethodHandle$Holder.newInvokeSpecial(java.lang.Object, java.lang.Object, java.lang.Object, java.lang.Object, java.lang.Object, java.lang.Object, java.lang.Object, java.lang.Object)'> (0x00000000d55a7908) 
thrown [s\src\hotspot\share\interpreter\linkResolver.cpp, line 773]

ZGC Phase Switch (0 events):
No events

VM Operations (20 events):
Event: 18946.923 Executing safepoint VM operation: ParallelGCFailedAllocation (Allocation Failure)
Event: 18946.925 Executing safepoint VM operation: ParallelGCFailedAllocation (Allocation Failure) done
Event: 18946.935 Executing safepoint VM operation: ParallelGCFailedAllocation (Allocation Failure)
Event: 18946.936 Executing safepoint VM operation: ParallelGCFailedAllocation (Allocation Failure) done
Event: 18946.943 Executing safepoint VM operation: ParallelGCFailedAllocation (Allocation Failure)
Event: 18946.945 Executing safepoint VM operation: ParallelGCFailedAllocation (Allocation Failure) done
Event: 18946.951 Executing safepoint VM operation: ParallelGCFailedAllocation (Allocation Failure)
Event: 18946.952 Executing safepoint VM operation: ParallelGCFailedAllocation (Allocation Failure) done
Event: 18946.958 Executing safepoint VM operation: ParallelGCFailedAllocation (Allocation Failure)
Event: 18946.960 Executing safepoint VM operation: ParallelGCFailedAllocation (Allocation Failure) done
Event: 18946.969 Executing safepoint VM operation: ParallelGCFailedAllocation (Allocation Failure)
Event: 18946.971 Executing safepoint VM operation: ParallelGCFailedAllocation (Allocation Failure) done
Event: 18946.977 Executing safepoint VM operation: ParallelGCFailedAllocation (Allocation Failure)
Event: 18946.979 Executing safepoint VM operation: ParallelGCFailedAllocation (Allocation Failure) done
Event: 18946.987 Executing safepoint VM operation: ParallelGCFailedAllocation (Allocation Failure)
Event: 18946.989 Executing safepoint VM operation: ParallelGCFailedAllocation (Allocation Failure) done
Event: 18948.004 Executing safepoint VM operation: Cleanup
Event: 18948.004 Executing safepoint VM operation: Cleanup done
Event: 19061.889 Executing safepoint VM operation: Cleanup
Event: 19061.889 Executing safepoint VM operation: Cleanup done

Memory protections (0 events):
No events

Nmethod flushes (20 events):
Event: 55.700 Thread 0x000001532930e9e0 flushing  nmethod 0x000001532d68ab90
Event: 55.700 Thread 0x000001532930e9e0 flushing  nmethod 0x000001532d68b510
Event: 55.700 Thread 0x000001532930e9e0 flushing  nmethod 0x000001532d68cd10
Event: 55.700 Thread 0x000001532930e9e0 flushing  nmethod 0x000001532d6a5490
Event: 55.700 Thread 0x000001532930e9e0 flushing  nmethod 0x000001532d6a6510
Event: 55.700 Thread 0x000001532930e9e0 flushing  nmethod 0x000001532d6a6b90
Event: 55.700 Thread 0x000001532930e9e0 flushing  nmethod 0x000001532d6a6f90
Event: 55.700 Thread 0x000001532930e9e0 flushing  nmethod 0x000001532d6a8210
Event: 55.700 Thread 0x000001532930e9e0 flushing  nmethod 0x000001532d6ac710
Event: 55.700 Thread 0x000001532930e9e0 flushing  nmethod 0x000001532d6b0290
Event: 55.700 Thread 0x000001532930e9e0 flushing  nmethod 0x000001532d6b3810
Event: 55.700 Thread 0x000001532930e9e0 flushing  nmethod 0x000001532d6b7b10
Event: 55.700 Thread 0x000001532930e9e0 flushing  nmethod 0x000001532d6bba10
Event: 55.700 Thread 0x000001532930e9e0 flushing  nmethod 0x000001532d6be510
Event: 55.700 Thread 0x000001532930e9e0 flushing  nmethod 0x000001532d6c0890
Event: 55.700 Thread 0x000001532930e9e0 flushing  nmethod 0x000001532d6c7110
Event: 55.700 Thread 0x000001532930e9e0 flushing  nmethod 0x000001532d6d5490
Event: 55.700 Thread 0x000001532930e9e0 flushing  nmethod 0x000001532d6d5790
Event: 55.700 Thread 0x000001532930e9e0 flushing  nmethod 0x000001532d6d5a90
Event: 55.700 Thread 0x000001532930e9e0 flushing  nmethod 0x000001532d6d5d90

Events (20 events):
Event: 18624.974 Thread 0x000001539a048be0 Thread exited: 0x000001539a048be0
Event: 18941.559 Thread 0x000001538c5c45a0 Thread added: 0x000001539a048be0
Event: 18941.570 Thread 0x000001539a048be0 Thread added: 0x000001539a04c6f0
Event: 18941.736 Thread 0x000001538234ec40 Thread added: 0x000001539af3f690
Event: 18941.736 Thread 0x000001538234ec40 Thread added: 0x000001539af3c6e0
Event: 18941.736 Thread 0x000001538234ec40 Thread added: 0x000001539af40430
Event: 18941.736 Thread 0x000001538234ec40 Thread added: 0x000001539af3cdb0
Event: 18941.737 Thread 0x000001538234ec40 Thread added: 0x000001539af418a0
Event: 18941.737 Thread 0x000001538234ec40 Thread added: 0x000001539af411d0
Event: 18941.737 Thread 0x000001538234ec40 Thread added: 0x000001539af42d10
Event: 18942.169 Thread 0x000001538234ec40 Thread added: 0x000001539af41f70
Event: 18942.978 Thread 0x000001539af41f70 Thread exited: 0x000001539af41f70
Event: 18942.979 Thread 0x000001539af42d10 Thread exited: 0x000001539af42d10
Event: 18942.979 Thread 0x000001539af411d0 Thread exited: 0x000001539af411d0
Event: 18946.886 Thread 0x000001539af418a0 Thread exited: 0x000001539af418a0
Event: 18946.890 Thread 0x000001539af3cdb0 Thread exited: 0x000001539af3cdb0
Event: 18946.890 Thread 0x000001539af40430 Thread exited: 0x000001539af40430
Event: 18946.890 Thread 0x000001539af3c6e0 Thread exited: 0x000001539af3c6e0
Event: 18946.890 Thread 0x000001539af3f690 Thread exited: 0x000001539af3f690
Event: 19007.007 Thread 0x000001539a048be0 Thread exited: 0x000001539a048be0


Dynamic libraries:
0x00007ff67a860000 - 0x00007ff67a86e000 	c:\Users\Bilal\.vscode\extensions\redhat.java-1.54.0-win32-x64\jre\21.0.10-win32-x86_64\bin\java.exe
0x00007ffc51fc0000 - 0x00007ffc52226000 	C:\Windows\SYSTEM32\ntdll.dll
0x00007ffc51bb0000 - 0x00007ffc51c79000 	C:\Windows\System32\KERNEL32.DLL
0x00007ffc4f780000 - 0x00007ffc4fb7a000 	C:\Windows\System32\KERNELBASE.dll
0x00007ffc4f390000 - 0x00007ffc4f4dc000 	C:\Windows\System32\ucrtbase.dll
0x00007ffbfadc0000 - 0x00007ffbfadde000 	c:\Users\Bilal\.vscode\extensions\redhat.java-1.54.0-win32-x64\jre\21.0.10-win32-x86_64\bin\VCRUNTIME140.dll
0x00007ffbf8bf0000 - 0x00007ffbf8c08000 	c:\Users\Bilal\.vscode\extensions\redhat.java-1.54.0-win32-x64\jre\21.0.10-win32-x86_64\bin\jli.dll
0x00007ffc50a70000 - 0x00007ffc50c37000 	C:\Windows\System32\USER32.dll
0x00007ffc4fb80000 - 0x00007ffc4fba7000 	C:\Windows\System32\win32u.dll
0x00007ffc2a060000 - 0x00007ffc2a2f2000 	C:\Windows\WinSxS\amd64_microsoft.windows.common-controls_6595b64144ccf1df_6.0.26100.8521_none_3e08b75ce33403b3\COMCTL32.dll
0x00007ffc51290000 - 0x00007ffc512bb000 	C:\Windows\System32\GDI32.dll
0x00007ffc516e0000 - 0x00007ffc51789000 	C:\Windows\System32\msvcrt.dll
0x00007ffc4f5a0000 - 0x00007ffc4f6cb000 	C:\Windows\System32\gdi32full.dll
0x00007ffc4f2e0000 - 0x00007ffc4f383000 	C:\Windows\System32\msvcp_win.dll
0x00007ffc51250000 - 0x00007ffc51282000 	C:\Windows\System32\IMM32.DLL
0x00007ffc2f390000 - 0x00007ffc2f39c000 	c:\Users\Bilal\.vscode\extensions\redhat.java-1.54.0-win32-x64\jre\21.0.10-win32-x86_64\bin\vcruntime140_1.dll
0x00007ffb7ac90000 - 0x00007ffb7ad1d000 	c:\Users\Bilal\.vscode\extensions\redhat.java-1.54.0-win32-x64\jre\21.0.10-win32-x86_64\bin\msvcp140.dll
0x00007ffb5c120000 - 0x00007ffb5cec1000 	c:\Users\Bilal\.vscode\extensions\redhat.java-1.54.0-win32-x64\jre\21.0.10-win32-x86_64\bin\server\jvm.dll
0x00007ffc50880000 - 0x00007ffc50936000 	C:\Windows\System32\ADVAPI32.dll
0x00007ffc50750000 - 0x00007ffc507fa000 	C:\Windows\System32\sechost.dll
0x00007ffc50950000 - 0x00007ffc50a68000 	C:\Windows\System32\RPCRT4.dll
0x00007ffc51790000 - 0x00007ffc51810000 	C:\Windows\System32\WS2_32.dll
0x00007ffc4f0b0000 - 0x00007ffc4f10e000 	C:\Windows\SYSTEM32\POWRPROF.dll
0x00007ffc463c0000 - 0x00007ffc463f6000 	C:\Windows\SYSTEM32\WINMM.dll
0x00007ffc48520000 - 0x00007ffc4852b000 	C:\Windows\SYSTEM32\VERSION.dll
0x00007ffc4f090000 - 0x00007ffc4f0a4000 	C:\Windows\SYSTEM32\UMPDC.dll
0x00007ffc4dfa0000 - 0x00007ffc4dfbb000 	C:\Windows\SYSTEM32\kernel.appcore.dll
0x00007ffc2e470000 - 0x00007ffc2e47a000 	c:\Users\Bilal\.vscode\extensions\redhat.java-1.54.0-win32-x64\jre\21.0.10-win32-x86_64\bin\jimage.dll
0x00007ffc4c380000 - 0x00007ffc4c5c2000 	C:\Windows\SYSTEM32\DBGHELP.DLL
0x00007ffc51350000 - 0x00007ffc516d3000 	C:\Windows\System32\combase.dll
0x00007ffc510d0000 - 0x00007ffc511a9000 	C:\Windows\System32\OLEAUT32.dll
0x00007ffc0a500000 - 0x00007ffc0a53b000 	C:\Windows\SYSTEM32\dbgcore.DLL
0x00007ffc4f6d0000 - 0x00007ffc4f778000 	C:\Windows\System32\bcryptPrimitives.dll
0x00007ffc2e3d0000 - 0x00007ffc2e3df000 	c:\Users\Bilal\.vscode\extensions\redhat.java-1.54.0-win32-x64\jre\21.0.10-win32-x86_64\bin\instrument.dll
0x00007ffbeed80000 - 0x00007ffbeeda0000 	c:\Users\Bilal\.vscode\extensions\redhat.java-1.54.0-win32-x64\jre\21.0.10-win32-x86_64\bin\java.dll
0x00007ffc4ff00000 - 0x00007ffc50684000 	C:\Windows\System32\SHELL32.dll
0x00007ffc4cde0000 - 0x00007ffc4d660000 	C:\Windows\SYSTEM32\windows.storage.dll
0x00007ffc51df0000 - 0x00007ffc51ee6000 	C:\Windows\System32\SHCORE.dll
0x00007ffc51c80000 - 0x00007ffc51ce7000 	C:\Windows\System32\shlwapi.dll
0x00007ffc4f170000 - 0x00007ffc4f199000 	C:\Windows\SYSTEM32\profapi.dll
0x00007ffbee3a0000 - 0x00007ffbee3b8000 	c:\Users\Bilal\.vscode\extensions\redhat.java-1.54.0-win32-x64\jre\21.0.10-win32-x86_64\bin\zip.dll
0x00007ffc05be0000 - 0x00007ffc05bf0000 	C:\Users\Bilal\.vscode\extensions\redhat.java-1.54.0-win32-x64\jre\21.0.10-win32-x86_64\bin\net.dll
0x00007ffc49a40000 - 0x00007ffc49b69000 	C:\Windows\SYSTEM32\WINHTTP.dll
0x00007ffc4e4f0000 - 0x00007ffc4e55c000 	C:\Windows\system32\mswsock.dll
0x00007ffbee380000 - 0x00007ffbee396000 	C:\Users\Bilal\.vscode\extensions\redhat.java-1.54.0-win32-x64\jre\21.0.10-win32-x86_64\bin\nio.dll
0x00007ffc04d50000 - 0x00007ffc04d60000 	c:\Users\Bilal\.vscode\extensions\redhat.java-1.54.0-win32-x64\jre\21.0.10-win32-x86_64\bin\verify.dll
0x00007ffb7ac40000 - 0x00007ffb7ac85000 	C:\Users\Bilal\AppData\Roaming\Code\User\globalStorage\redhat.java\1.54.0\config_win\org.eclipse.equinox.launcher\org.eclipse.equinox.launcher.win32.win32.x86_64_1.3.0.v20260203-2149\eclipse_11919.dll
0x00007ffc51a10000 - 0x00007ffc51ba8000 	C:\Windows\System32\ole32.dll
0x00007ffc4e8f0000 - 0x00007ffc4e90b000 	C:\Windows\SYSTEM32\CRYPTSP.dll
0x00007ffc4df00000 - 0x00007ffc4df39000 	C:\Windows\system32\rsaenh.dll
0x00007ffc4e5a0000 - 0x00007ffc4e5d3000 	C:\Windows\SYSTEM32\USERENV.dll
0x00007ffc4f140000 - 0x00007ffc4f16a000 	C:\Windows\SYSTEM32\bcrypt.dll
0x00007ffc4e750000 - 0x00007ffc4e75c000 	C:\Windows\SYSTEM32\CRYPTBASE.dll
0x00007ffc4da40000 - 0x00007ffc4da73000 	C:\Windows\SYSTEM32\IPHLPAPI.DLL
0x00007ffc51f70000 - 0x00007ffc51f7a000 	C:\Windows\System32\NSI.dll
0x00007ffbb5a70000 - 0x00007ffbb5ab9000 	C:\Users\Bilal\AppData\Local\Temp\jna-64187344\jna18315868548952237221.dll
0x00007ffc51820000 - 0x00007ffc51828000 	C:\Windows\System32\PSAPI.DLL
0x00007ffc49c20000 - 0x00007ffc49c3d000 	C:\Windows\SYSTEM32\dhcpcsvc6.DLL
0x00007ffc49b70000 - 0x00007ffc49b95000 	C:\Windows\SYSTEM32\dhcpcsvc.DLL

JVMTI agents:
c:\Users\Bilal\.vscode\extensions\redhat.java-1.54.0-win32-x64\lombok\lombok-1.18.39-4050.jar path:c:\Users\Bilal\.vscode\extensions\redhat.java-1.54.0-win32-x64\jre\21.0.10-win32-x86_64\bin\instrument.dll, loaded, initialized, instrumentlib options:none

dbghelp: loaded successfully - version: 4.0.5 - missing functions: none
symbol engine: initialized successfully - sym options: 0x614 - pdb path: .;c:\Users\Bilal\.vscode\extensions\redhat.java-1.54.0-win32-x64\jre\21.0.10-win32-x86_64\bin;C:\Windows\SYSTEM32;C:\Windows\WinSxS\amd64_microsoft.windows.common-controls_6595b64144ccf1df_6.0.26100.8521_none_3e08b75ce33403b3;c:\Users\Bilal\.vscode\extensions\redhat.java-1.54.0-win32-x64\jre\21.0.10-win32-x86_64\bin\server;C:\Users\Bilal\AppData\Roaming\Code\User\globalStorage\redhat.java\1.54.0\config_win\org.eclipse.equinox.launcher\org.eclipse.equinox.launcher.win32.win32.x86_64_1.3.0.v20260203-2149;C:\Users\Bilal\AppData\Local\Temp\jna-64187344

VM Arguments:
jvm_args: --add-modules=ALL-SYSTEM --add-opens=java.base/java.util=ALL-UNNAMED --add-opens=java.base/java.lang=ALL-UNNAMED --add-opens=java.base/sun.nio.fs=ALL-UNNAMED -Declipse.application=org.eclipse.jdt.ls.core.id1 -Dosgi.bundles.defaultStartLevel=4 -Declipse.product=org.eclipse.jdt.ls.core.product -Djava.import.generatesMetadataFilesAtProjectRoot=false -DDetectVMInstallationsJob.disabled=true -Dfile.encoding=utf8 -XX:+UseParallelGC -XX:GCTimeRatio=4 -XX:AdaptiveSizePolicyWeight=90 -Dsun.zip.disableMemoryMapping=true -Xmx2G -Xms100m -Xlog:disable -javaagent:c:\Users\Bilal\.vscode\extensions\redhat.java-1.54.0-win32-x64\lombok\lombok-1.18.39-4050.jar -XX:+HeapDumpOnOutOfMemoryError -XX:HeapDumpPath=c:\Users\Bilal\AppData\Roaming\Code\User\workspaceStorage\9b14fce1747b2d517f8b1d12a511cdf1\redhat.java -Daether.dependencyCollector.impl=bf 
java_command: c:\Users\Bilal\.vscode\extensions\redhat.java-1.54.0-win32-x64\server\plugins\org.eclipse.equinox.launcher_1.7.100.v20251111-0406.jar -configuration c:\Users\Bilal\AppData\Roaming\Code\User\globalStorage\redhat.java\1.54.0\config_win -data c:\Users\Bilal\AppData\Roaming\Code\User\workspaceStorage\9b14fce1747b2d517f8b1d12a511cdf1\redhat.java\jdt_ws --pipe=\\.\pipe\lsp-0024330479240abec37e29888c0c85ea-sock
java_class_path (initial): c:\Users\Bilal\.vscode\extensions\redhat.java-1.54.0-win32-x64\server\plugins\org.eclipse.equinox.launcher_1.7.100.v20251111-0406.jar
Launcher Type: SUN_STANDARD

[Global flags]
    uintx AdaptiveSizePolicyWeight                 = 90                                        {product} {command line}
     intx CICompilerCount                          = 12                                        {product} {ergonomic}
    uintx GCTimeRatio                              = 4                                         {product} {command line}
     bool HeapDumpOnOutOfMemoryError               = true                                   {manageable} {command line}
    ccstr HeapDumpPath                             = c:\Users\Bilal\AppData\Roaming\Code\User\workspaceStorage\9b14fce1747b2d517f8b1d12a511cdf1\redhat.java         {manageable} {command line}
   size_t InitialHeapSize                          = 104857600                                 {product} {command line}
   size_t MaxHeapSize                              = 2147483648                                {product} {command line}
   size_t MaxNewSize                               = 715653120                                 {product} {ergonomic}
   size_t MinHeapDeltaBytes                        = 524288                                    {product} {ergonomic}
   size_t MinHeapSize                              = 104857600                                 {product} {command line}
   size_t NewSize                                  = 34603008                                  {product} {ergonomic}
    uintx NonNMethodCodeHeapSize                   = 7602480                                {pd product} {ergonomic}
    uintx NonProfiledCodeHeapSize                  = 122027880                              {pd product} {ergonomic}
   size_t OldSize                                  = 70254592                                  {product} {ergonomic}
    uintx ProfiledCodeHeapSize                     = 122027880                              {pd product} {ergonomic}
    uintx ReservedCodeCacheSize                    = 251658240                              {pd product} {ergonomic}
     bool SegmentedCodeCache                       = true                                      {product} {ergonomic}
   size_t SoftMaxHeapSize                          = 2147483648                             {manageable} {ergonomic}
     bool UseCompressedOops                        = true                           {product lp64_product} {ergonomic}
     bool UseLargePagesIndividualAllocation        = false                                  {pd product} {ergonomic}
     bool UseParallelGC                            = true                                      {product} {command line}

Logging:
Log output configuration:
 #0: stdout all=off uptime,level,tags foldmultilines=false
 #1: stderr all=off uptime,level,tags foldmultilines=false

Release file:
JAVA_VERSION="21.0.10" 
MODULES="java.base java.compiler java.datatransfer java.xml java.prefs java.desktop java.instrument java.logging java.management java.security.sasl java.naming java.rmi java.management.rmi java.net.http java.scripting java.security.jgss java.transaction.xa java.sql java.sql.rowset java.xml.crypto java.se java.smartcardio jdk.accessibility jdk.internal.jvmstat jdk.attach jdk.charsets jdk.internal.opt jdk.zipfs jdk.compiler jdk.crypto.ec jdk.crypto.cryptoki jdk.crypto.mscapi jdk.dynalink jdk.internal.ed jdk.editpad jdk.hotspot.agent jdk.httpserver jdk.internal.le jdk.internal.vm.ci jdk.internal.vm.compiler jdk.internal.vm.compiler.management jdk.jartool jdk.javadoc jdk.jcmd jdk.management jdk.management.agent jdk.jconsole jdk.jdeps jdk.jdwp.agent jdk.jdi jdk.jfr jdk.jshell jdk.jsobject jdk.jstatd jdk.localedata jdk.management.jfr jdk.naming.dns jdk.naming.rmi jdk.net jdk.nio.mapmode jdk.random jdk.sctp jdk.security.auth jdk.security.jgss jdk.unsupported jdk.unsupported.desktop jdk.xml.dom" 

Environment Variables:
JAVA_HOME=C:\Program Files\jdk-21.0.8
PATH=C:\Windows\system32;C:\Windows;C:\Windows\System32\Wbem;C:\Windows\System32\WindowsPowerShell\v1.0\;C:\Windows\System32\OpenSSH\;C:\Program Files\dotnet\;C:\Program Files (x86)\NVIDIA Corporation\PhysX\Common;C:\Program Files\Git\cmd;C:\Program Files\nodejs\;C:\Program Files\jdk-21.0.8\bin;C:\Program Files\apache-maven-3.9.11\bin;C:\Program Files\Microsoft SQL Server\150\Tools\Binn\;C:\Program Files\Microsoft SQL Server\Client SDK\ODBC\170\Tools\Binn\;C:\Program Files\Cloudflare\Cloudflare WARP\;C:\Users\Bilal\AppData\Local\Microsoft\WindowsApps;C:\Users\Bilal\AppData\Local\Programs\Microsoft VS Code\bin;C:\Users\Bilal\AppData\Roaming\npm;C:\Users\Bilal\.dotnet\tools
USERNAME=Bilal
OS=Windows_NT
PROCESSOR_IDENTIFIER=Intel64 Family 6 Model 170 Stepping 4, GenuineIntel
TMP=C:\Users\Bilal\AppData\Local\Temp
TEMP=C:\Users\Bilal\AppData\Local\Temp




Periodic native trim disabled

---------------  S Y S T E M  ---------------

OS:
 Windows 11 , 64 bit Build 26100 (10.0.26100.8521)
OS uptime: 0 days 5:31 hours
Hyper-V role detected

CPU: total 22 (initial active 22) (11 cores per cpu, 2 threads per core) family 6 model 170 stepping 4 microcode 0x28, cx8, cmov, fxsr, ht, mmx, 3dnowpref, sse, sse2, sse3, ssse3, sse4.1, sse4.2, popcnt, lzcnt, tsc, tscinvbit, avx, avx2, aes, erms, clmul, bmi1, bmi2, adx, sha, fma, vzeroupper, clflush, clflushopt, clwb, hv, serialize, rdtscp, rdpid, fsrm, f16c, cet_ibt, cet_ss
Processor Information for processor 0
  Max Mhz: 1400, Current Mhz: 1400, Mhz Limit: 1400
Processor Information for processor 1
  Max Mhz: 1400, Current Mhz: 1400, Mhz Limit: 1400
Processor Information for processor 2
  Max Mhz: 900, Current Mhz: 900, Mhz Limit: 900
Processor Information for processor 3
  Max Mhz: 900, Current Mhz: 900, Mhz Limit: 900
Processor Information for processor 4
  Max Mhz: 900, Current Mhz: 900, Mhz Limit: 900
Processor Information for processor 5
  Max Mhz: 900, Current Mhz: 900, Mhz Limit: 900
Processor Information for processor 6
  Max Mhz: 900, Current Mhz: 900, Mhz Limit: 900
Processor Information for processor 7
  Max Mhz: 900, Current Mhz: 900, Mhz Limit: 900
Processor Information for processor 8
  Max Mhz: 900, Current Mhz: 900, Mhz Limit: 900
Processor Information for processor 9
  Max Mhz: 900, Current Mhz: 900, Mhz Limit: 900
Processor Information for processor 10
  Max Mhz: 1400, Current Mhz: 1400, Mhz Limit: 1400
Processor Information for processor 11
  Max Mhz: 1400, Current Mhz: 1400, Mhz Limit: 1400
Processor Information for processor 12
  Max Mhz: 1400, Current Mhz: 1400, Mhz Limit: 1400
Processor Information for processor 13
  Max Mhz: 1400, Current Mhz: 1400, Mhz Limit: 1400
Processor Information for processor 14
  Max Mhz: 1400, Current Mhz: 1400, Mhz Limit: 1400
Processor Information for processor 15
  Max Mhz: 1400, Current Mhz: 1400, Mhz Limit: 1400
Processor Information for processor 16
  Max Mhz: 1400, Current Mhz: 1400, Mhz Limit: 1400
Processor Information for processor 17
  Max Mhz: 1400, Current Mhz: 1400, Mhz Limit: 1400
Processor Information for processor 18
  Max Mhz: 1400, Current Mhz: 1400, Mhz Limit: 1400
Processor Information for processor 19
  Max Mhz: 1400, Current Mhz: 1400, Mhz Limit: 1400
Processor Information for processor 20
  Max Mhz: 700, Current Mhz: 700, Mhz Limit: 700
Processor Information for processor 21
  Max Mhz: 700, Current Mhz: 700, Mhz Limit: 700

Memory: 4k page, system-wide physical 32212M (6861M free)
TotalPageFile size 32212M (AvailPageFile size 103M)
current process WorkingSet (physical memory assigned to process): 325M, peak: 603M
current process commit charge ("private bytes"): 672M, peak: 697M

vm_info: OpenJDK 64-Bit Server VM (21.0.10+7-LTS) for windows-amd64 JRE (21.0.10+7-LTS), built on 2026-01-20T00:00:00Z by "admin" with MS VC++ 17.12 (VS2022)

END.
