#
# There is insufficient memory for the Java Runtime Environment to continue.
# Native memory allocation (malloc) failed to allocate 1048576 bytes. Error detail: AllocateHeap
# Possible reasons:
#   The system is out of physical RAM or swap space
#   This process is running with CompressedOops enabled, and the Java Heap may be blocking the growth of the native heap
# Possible solutions:
#   Reduce memory load on the system
#   Increase physical memory or swap space
#   Check if swap backing store is full
#   Decrease Java heap size (-Xmx/-Xms)
#   Decrease number of Java threads
#   Decrease Java thread stack sizes (-Xss)
#   Set larger code cache with -XX:ReservedCodeCacheSize=
#   JVM is running with Unscaled Compressed Oops mode in which the Java heap is
#     placed in the first 4GB address space. The Java Heap base address is the
#     maximum limit for the native heap growth. Please use -XX:HeapBaseMinAddress
#     to set the Java Heap base and to place the Java Heap above 4GB virtual address.
# This output file may be truncated or incomplete.
#
#  Out of Memory Error (allocation.cpp:44), pid=16148, tid=28408
#
# JRE version: OpenJDK Runtime Environment Temurin-21.0.9+10 (21.0.9+10) (build 21.0.9+10-LTS)
# Java VM: OpenJDK 64-Bit Server VM Temurin-21.0.9+10 (21.0.9+10-LTS, mixed mode, sharing, tiered, compressed oops, compressed class ptrs, parallel gc, windows-amd64)
# No core dump will be written. Minidumps are not enabled by default on client versions of Windows
#

---------------  S U M M A R Y ------------

Command Line: --add-modules=ALL-SYSTEM --add-opens=java.base/java.util=ALL-UNNAMED --add-opens=java.base/java.lang=ALL-UNNAMED --add-opens=java.base/sun.nio.fs=ALL-UNNAMED -Declipse.application=org.eclipse.jdt.ls.core.id1 -Dosgi.bundles.defaultStartLevel=4 -Declipse.product=org.eclipse.jdt.ls.core.product -Djava.import.generatesMetadataFilesAtProjectRoot=false -DDetectVMInstallationsJob.disabled=true -Dfile.encoding=utf8 -XX:+UseParallelGC -XX:GCTimeRatio=4 -XX:AdaptiveSizePolicyWeight=90 -Dsun.zip.disableMemoryMapping=true -Xmx2G -Xms100m -Xlog:disable -javaagent:c:\Users\Bilal\.vscode\extensions\redhat.java-1.52.0-win32-x64\lombok\lombok-1.18.39-4050.jar -XX:+HeapDumpOnOutOfMemoryError -XX:HeapDumpPath=c:\Users\Bilal\AppData\Roaming\Code\User\workspaceStorage\9b14fce1747b2d517f8b1d12a511cdf1\redhat.java -Daether.dependencyCollector.impl=bf c:\Users\Bilal\.vscode\extensions\redhat.java-1.52.0-win32-x64\server\plugins\org.eclipse.equinox.launcher_1.7.100.v20251111-0406.jar -configuration c:\Users\Bilal\AppData\Roaming\Code\User\globalStorage\redhat.java\1.52.0\config_win -data c:\Users\Bilal\AppData\Roaming\Code\User\workspaceStorage\9b14fce1747b2d517f8b1d12a511cdf1\redhat.java\jdt_ws --pipe=\\.\pipe\lsp-d6bb141ee6d7a085ed6b2e4655c9d7a9-sock

Host: Intel(R) Core(TM) Ultra 7 155H, 22 cores, 31G,  Windows 11 , 64 bit Build 26100 (10.0.26100.7623)
Time: Mon Feb  9 10:33:47 2026 Afghanistan Standard Time elapsed time: 6207.876685 seconds (0d 1h 43m 27s)

---------------  T H R E A D  ---------------

Current thread (0x0000026f61a5bd90):  JavaThread "Attach Listener" daemon [_thread_in_vm, id=28408, stack(0x000000eca8c00000,0x000000eca8d00000) (1024K)]

Stack: [0x000000eca8c00000,0x000000eca8d00000]
Native frames: (J=compiled Java code, j=interpreted, Vv=VM code, C=native code)
V  [jvm.dll+0x6d6e29]
V  [jvm.dll+0x8b4b76]
V  [jvm.dll+0x8b712e]
V  [jvm.dll+0x8b7813]
V  [jvm.dll+0x283d86]
V  [jvm.dll+0xc1277]
V  [jvm.dll+0x6d76d9]
V  [jvm.dll+0x133466]
V  [jvm.dll+0x3f7ea6]
V  [jvm.dll+0x85e9ad]
V  [jvm.dll+0x6d565d]
C  [ucrtbase.dll+0x37b0]
C  [KERNEL32.DLL+0x2e8d7]
C  [ntdll.dll+0x8c53c]


---------------  P R O C E S S  ---------------

Threads class SMR info:
_java_thread_list=0x0000026f4c45a560, length=56, elements={
0x0000026f619b2e80, 0x0000026f6195de00, 0x0000026f61a596d0, 0x0000026f61a5b140,
0x0000026f61a5bd90, 0x0000026f61a5ca10, 0x0000026f61a5d6b0, 0x0000026f61a685e0,
0x0000026f61a6b340, 0x0000026f79a6a580, 0x0000026f450d37e0, 0x0000026f45d7da50,
0x0000026f798b2b20, 0x0000026f79852d20, 0x0000026f45a25200, 0x0000026f45fd6f30,
0x0000026f45f75a00, 0x0000026f45ddb2d0, 0x0000026f45ddb960, 0x0000026f45dd8b70,
0x0000026f4ad1b990, 0x0000026f4ad1ac70, 0x0000026f4ad1c020, 0x0000026f4ad19f50,
0x0000026f4ad1b300, 0x0000026f4ad1c6b0, 0x0000026f4ad19230, 0x0000026f4ad1a5e0,
0x0000026f4ad1cd40, 0x0000026f4ad198c0, 0x0000026f4ad201c0, 0x0000026f4ad20850,
0x0000026f4ad1fb30, 0x0000026f4ad1e0f0, 0x0000026f4ad1e780, 0x0000026f4ad1ee10,
0x0000026f4ad1d3d0, 0x0000026f4ad1da60, 0x0000026f4ad1f4a0, 0x0000026f47f58550,
0x0000026f47f59900, 0x0000026f47f58be0, 0x0000026f47f56480, 0x0000026f47f59f90,
0x0000026f47f56b10, 0x0000026f47f5a620, 0x0000026f558c7730, 0x0000026f558cb240,
0x0000026f558c7dc0, 0x0000026f558cbf60, 0x0000026f558cc5f0, 0x0000026f558ccc80,
0x0000026f558ce030, 0x0000026f558cabb0, 0x0000026f558c9e90, 0x0000026f45eaefd0
}

Java Threads: ( => current thread )
  0x0000026f619b2e80 JavaThread "main"                              [_thread_blocked, id=14188, stack(0x000000eca8500000,0x000000eca8600000) (1024K)]
  0x0000026f6195de00 JavaThread "Reference Handler"          daemon [_thread_blocked, id=6340, stack(0x000000eca8900000,0x000000eca8a00000) (1024K)]
  0x0000026f61a596d0 JavaThread "Finalizer"                  daemon [_thread_blocked, id=10456, stack(0x000000eca8a00000,0x000000eca8b00000) (1024K)]
  0x0000026f61a5b140 JavaThread "Signal Dispatcher"          daemon [_thread_blocked, id=20068, stack(0x000000eca8b00000,0x000000eca8c00000) (1024K)]
=>0x0000026f61a5bd90 JavaThread "Attach Listener"            daemon [_thread_in_vm, id=28408, stack(0x000000eca8c00000,0x000000eca8d00000) (1024K)]
  0x0000026f61a5ca10 JavaThread "Service Thread"             daemon [_thread_blocked, id=5356, stack(0x000000eca8d00000,0x000000eca8e00000) (1024K)]
  0x0000026f61a5d6b0 JavaThread "Monitor Deflation Thread"   daemon [_thread_blocked, id=5988, stack(0x000000eca8e00000,0x000000eca8f00000) (1024K)]
  0x0000026f61a685e0 JavaThread "C2 CompilerThread0"         daemon [_thread_blocked, id=8760, stack(0x000000eca8f00000,0x000000eca9000000) (1024K)]
  0x0000026f61a6b340 JavaThread "C1 CompilerThread0"         daemon [_thread_blocked, id=11336, stack(0x000000eca9000000,0x000000eca9100000) (1024K)]
  0x0000026f79a6a580 JavaThread "Common-Cleaner"             daemon [_thread_blocked, id=8232, stack(0x000000eca9600000,0x000000eca9700000) (1024K)]
  0x0000026f450d37e0 JavaThread "Notification Thread"        daemon [_thread_blocked, id=13744, stack(0x000000eca9700000,0x000000eca9800000) (1024K)]
  0x0000026f45d7da50 JavaThread "Active Thread: Equinox Container: 68353d9b-3319-44ce-a8ca-7a75da986f72"        [_thread_blocked, id=28824, stack(0x000000ecaa000000,0x000000ecaa100000) (1024K)]
  0x0000026f798b2b20 JavaThread "Refresh Thread: Equinox Container: 68353d9b-3319-44ce-a8ca-7a75da986f72" daemon [_thread_blocked, id=28884, stack(0x000000eca9100000,0x000000eca9200000) (1024K)]
  0x0000026f79852d20 JavaThread "Framework Event Dispatcher: Equinox Container: 68353d9b-3319-44ce-a8ca-7a75da986f72" daemon [_thread_blocked, id=28804, stack(0x000000eca9200000,0x000000eca9300000) (1024K)]
  0x0000026f45a25200 JavaThread "Start Level: Equinox Container: 68353d9b-3319-44ce-a8ca-7a75da986f72" daemon [_thread_blocked, id=28852, stack(0x000000eca9300000,0x000000eca9400000) (1024K)]
  0x0000026f45fd6f30 JavaThread "Bundle File Closer"         daemon [_thread_blocked, id=11860, stack(0x000000ecaa300000,0x000000ecaa400000) (1024K)]
  0x0000026f45f75a00 JavaThread "SCR Component Actor"        daemon [_thread_blocked, id=2664, stack(0x000000ecaa200000,0x000000ecaa300000) (1024K)]
  0x0000026f45ddb2d0 JavaThread "Worker-JM"                         [_thread_blocked, id=29660, stack(0x000000ecaa800000,0x000000ecaa900000) (1024K)]
  0x0000026f45ddb960 JavaThread "JNA Cleaner"                daemon [_thread_blocked, id=29692, stack(0x000000ecaac00000,0x000000ecaad00000) (1024K)]
  0x0000026f45dd8b70 JavaThread "Java indexing"              daemon [_thread_blocked, id=17024, stack(0x000000ecab500000,0x000000ecab600000) (1024K)]
  0x0000026f4ad1b990 JavaThread "Thread-1"                   daemon [_thread_in_native, id=4624, stack(0x000000ecaba00000,0x000000ecabb00000) (1024K)]
  0x0000026f4ad1ac70 JavaThread "Thread-2"                   daemon [_thread_in_native, id=23208, stack(0x000000ecabb00000,0x000000ecabc00000) (1024K)]
  0x0000026f4ad1c020 JavaThread "Thread-3"                   daemon [_thread_in_native, id=29620, stack(0x000000ecabc00000,0x000000ecabd00000) (1024K)]
  0x0000026f4ad19f50 JavaThread "Thread-4"                   daemon [_thread_in_native, id=11004, stack(0x000000ecabd00000,0x000000ecabe00000) (1024K)]
  0x0000026f4ad1b300 JavaThread "Thread-5"                   daemon [_thread_in_native, id=21992, stack(0x000000ecabe00000,0x000000ecabf00000) (1024K)]
  0x0000026f4ad1c6b0 JavaThread "Thread-6"                   daemon [_thread_in_native, id=28360, stack(0x000000ecabf00000,0x000000ecac000000) (1024K)]
  0x0000026f4ad19230 JavaThread "Thread-7"                   daemon [_thread_in_native, id=11784, stack(0x000000ecac000000,0x000000ecac100000) (1024K)]
  0x0000026f4ad1a5e0 JavaThread "Thread-8"                   daemon [_thread_in_native, id=2624, stack(0x000000ecac100000,0x000000ecac200000) (1024K)]
  0x0000026f4ad1cd40 JavaThread "Thread-9"                   daemon [_thread_in_native, id=27756, stack(0x000000ecac200000,0x000000ecac300000) (1024K)]
  0x0000026f4ad198c0 JavaThread "Thread-10"                  daemon [_thread_in_native, id=25800, stack(0x000000ecac300000,0x000000ecac400000) (1024K)]
  0x0000026f4ad201c0 JavaThread "Thread-11"                  daemon [_thread_in_native, id=28888, stack(0x000000ecac400000,0x000000ecac500000) (1024K)]
  0x0000026f4ad20850 JavaThread "Thread-12"                  daemon [_thread_in_native, id=19812, stack(0x000000ecac500000,0x000000ecac600000) (1024K)]
  0x0000026f4ad1fb30 JavaThread "Thread-13"                  daemon [_thread_in_native, id=11888, stack(0x000000ecac600000,0x000000ecac700000) (1024K)]
  0x0000026f4ad1e0f0 JavaThread "Thread-14"                  daemon [_thread_in_native, id=11204, stack(0x000000ecac700000,0x000000ecac800000) (1024K)]
  0x0000026f4ad1e780 JavaThread "Thread-15"                  daemon [_thread_in_native, id=6072, stack(0x000000ecac800000,0x000000ecac900000) (1024K)]
  0x0000026f4ad1ee10 JavaThread "Thread-16"                  daemon [_thread_in_native, id=25564, stack(0x000000ecac900000,0x000000ecaca00000) (1024K)]
  0x0000026f4ad1d3d0 JavaThread "Thread-17"                  daemon [_thread_in_native, id=28208, stack(0x000000ecaca00000,0x000000ecacb00000) (1024K)]
  0x0000026f4ad1da60 JavaThread "Thread-18"                  daemon [_thread_in_native, id=28744, stack(0x000000ecacb00000,0x000000ecacc00000) (1024K)]
  0x0000026f4ad1f4a0 JavaThread "Thread-19"                  daemon [_thread_in_native, id=2020, stack(0x000000ecacc00000,0x000000ecacd00000) (1024K)]
  0x0000026f47f58550 JavaThread "Thread-20"                  daemon [_thread_in_native, id=15420, stack(0x000000ecacd00000,0x000000ecace00000) (1024K)]
  0x0000026f47f59900 JavaThread "Thread-21"                  daemon [_thread_in_native, id=29052, stack(0x000000ecace00000,0x000000ecacf00000) (1024K)]
  0x0000026f47f58be0 JavaThread "Thread-22"                  daemon [_thread_in_native, id=9172, stack(0x000000ecacf00000,0x000000ecad000000) (1024K)]
  0x0000026f47f56480 JavaThread "Thread-23"                  daemon [_thread_in_native, id=29244, stack(0x000000ecad000000,0x000000ecad100000) (1024K)]
  0x0000026f47f59f90 JavaThread "pool-2-thread-1"                   [_thread_blocked, id=27996, stack(0x000000ecad100000,0x000000ecad200000) (1024K)]
  0x0000026f47f56b10 JavaThread "WorkspaceEventsHandler"            [_thread_blocked, id=28808, stack(0x000000ecad300000,0x000000ecad400000) (1024K)]
  0x0000026f47f5a620 JavaThread "pool-1-thread-1"                   [_thread_blocked, id=29636, stack(0x000000ecad400000,0x000000ecad500000) (1024K)]
  0x0000026f558c7730 JavaThread "Java Debug Server"          daemon [_thread_in_native, id=25516, stack(0x000000ecab300000,0x000000ecab400000) (1024K)]
  0x0000026f558cb240 JavaThread "pool-5-thread-1"                   [_thread_in_native, id=29420, stack(0x000000ecab400000,0x000000ecab500000) (1024K)]
  0x0000026f558c7dc0 JavaThread "RxSchedulerPurge-1"         daemon [_thread_blocked, id=26772, stack(0x000000ecb2900000,0x000000ecb2a00000) (1024K)]
  0x0000026f558cbf60 JavaThread "RxCachedWorkerPoolEvictor-1" daemon [_thread_blocked, id=17972, stack(0x000000ecb2a00000,0x000000ecb2b00000) (1024K)]
  0x0000026f558cc5f0 JavaThread "RxNewThreadScheduler-1"     daemon [_thread_blocked, id=7880, stack(0x000000ecb2b00000,0x000000ecb2c00000) (1024K)]
  0x0000026f558ccc80 JavaThread "process reaper (pid 29652)" daemon [_thread_in_native, id=15904, stack(0x000000eca7f50000,0x000000eca7f70000) (128K)]
  0x0000026f558ce030 JavaThread "Worker-8"                          [_thread_blocked, id=25312, stack(0x000000eca8400000,0x000000eca8500000) (1024K)]
  0x0000026f558cabb0 JavaThread "Worker-11"                         [_thread_blocked, id=23636, stack(0x000000eca8200000,0x000000eca8300000) (1024K)]
  0x0000026f558c9e90 JavaThread "ForkJoinPool.commonPool-worker-23" daemon [_thread_blocked, id=4632, stack(0x000000eca8300000,0x000000eca8400000) (1024K)]
  0x0000026f45eaefd0 JavaThread "C2 CompilerThread1"         daemon [_thread_blocked, id=19512, stack(0x000000eca9f00000,0x000000ecaa000000) (1024K)]
Total: 56

Other Threads:
  0x0000026f797a5db0 VMThread "VM Thread"                           [id=17528, stack(0x000000eca8800000,0x000000eca8900000) (1024K)]
  0x0000026f6183ca00 WatcherThread "VM Periodic Task Thread"        [id=26088, stack(0x000000eca8700000,0x000000eca8800000) (1024K)]
  0x0000026f619d2470 WorkerThread "GC Thread#0"                     [id=5776, stack(0x000000eca8600000,0x000000eca8700000) (1024K)]
  0x0000026f45807c20 WorkerThread "GC Thread#1"                     [id=28668, stack(0x000000eca9800000,0x000000eca9900000) (1024K)]
  0x0000026f457f40a0 WorkerThread "GC Thread#2"                     [id=15588, stack(0x000000eca9900000,0x000000eca9a00000) (1024K)]
  0x0000026f457f4440 WorkerThread "GC Thread#3"                     [id=21804, stack(0x000000eca9a00000,0x000000eca9b00000) (1024K)]
  0x0000026f457f47e0 WorkerThread "GC Thread#4"                     [id=25868, stack(0x000000eca9b00000,0x000000eca9c00000) (1024K)]
  0x0000026f457f8d60 WorkerThread "GC Thread#5"                     [id=6380, stack(0x000000eca9c00000,0x000000eca9d00000) (1024K)]
  0x0000026f457f9100 WorkerThread "GC Thread#6"                     [id=25840, stack(0x000000eca9d00000,0x000000eca9e00000) (1024K)]
  0x0000026f45d5ef70 WorkerThread "GC Thread#7"                     [id=28948, stack(0x000000ecaa100000,0x000000ecaa200000) (1024K)]
  0x0000026f45548c70 WorkerThread "GC Thread#8"                     [id=18084, stack(0x000000eca9400000,0x000000eca9500000) (1024K)]
  0x0000026f452f7500 WorkerThread "GC Thread#9"                     [id=11904, stack(0x000000eca9500000,0x000000eca9600000) (1024K)]
  0x0000026f45e3ccc0 WorkerThread "GC Thread#10"                    [id=26936, stack(0x000000eca9e00000,0x000000eca9f00000) (1024K)]
  0x0000026f45e3d7a0 WorkerThread "GC Thread#11"                    [id=29680, stack(0x000000ecaa700000,0x000000ecaa800000) (1024K)]
  0x0000026f45e3dee0 WorkerThread "GC Thread#12"                    [id=28532, stack(0x000000ecaaa00000,0x000000ecaab00000) (1024K)]
  0x0000026f45e3e280 WorkerThread "GC Thread#13"                    [id=29580, stack(0x000000ecaaf00000,0x000000ecab000000) (1024K)]
  0x0000026f45e3c920 WorkerThread "GC Thread#14"                    [id=3596, stack(0x000000ecab000000,0x000000ecab100000) (1024K)]
  0x0000026f45e3db40 WorkerThread "GC Thread#15"                    [id=24992, stack(0x000000ecab200000,0x000000ecab300000) (1024K)]
Total: 18

Threads with active compile tasks:
Total: 0

VM state: not at safepoint (normal execution)

VM Mutex/Monitor currently owned by a thread: None

Heap address: 0x0000000080000000, size: 2048 MB, Compressed Oops mode: 32-bit

CDS archive(s) mapped at: [0x0000026f00000000-0x0000026f00ba0000-0x0000026f00ba0000), size 12189696, SharedBaseAddress: 0x0000026f00000000, ArchiveRelocationMode: 1.
Compressed class space mapped at: 0x0000026f01000000-0x0000026f41000000, reserved size: 1073741824
Narrow klass base: 0x0000026f00000000, Narrow klass shift: 0, Narrow klass range: 0x100000000

GC Precious Log:
 CardTable entry size: 512
 CPUs: 22 total, 22 available
 Memory: 32212M
 Large Page Support: Disabled
 NUMA Support: Disabled
 Compressed Oops: Enabled (32-bit)
 Alignments: Space 512K, Generation 512K, Heap 2M
 Heap Min Capacity: 100M
 Heap Initial Capacity: 100M
 Heap Max Capacity: 2G
 Pre-touch: Disabled
 Parallel Workers: 16

Heap:
 PSYoungGen      total 13824K, used 7679K [0x00000000d5580000, 0x00000000d6400000, 0x0000000100000000)
  eden space 12800K, 56% used [0x00000000d5580000,0x00000000d5c87ff0,0x00000000d6200000)
  from space 1024K, 46% used [0x00000000d6200000,0x00000000d6278000,0x00000000d6300000)
  to   space 512K, 0% used [0x00000000d6380000,0x00000000d6380000,0x00000000d6400000)
 ParOldGen       total 164352K, used 82918K [0x0000000080000000, 0x000000008a080000, 0x00000000d5580000)
  object space 164352K, 50% used [0x0000000080000000,0x00000000850f9848,0x000000008a080000)
 Metaspace       used 79963K, committed 81728K, reserved 1179648K
  class space    used 8387K, committed 9152K, reserved 1048576K

Card table byte_map: [0x0000026f61350000,0x0000026f61760000] _byte_map_base: 0x0000026f60f50000

Marking Bits: (ParMarkBitMap*) 0x00007ffbdd782460
 Begin Bits: [0x0000026f73e60000, 0x0000026f75e60000)
 End Bits:   [0x0000026f75e60000, 0x0000026f77e60000)

Polling page: 0x0000026f5f580000

Metaspace:

Usage:
  Non-class:     69.90 MB used.
      Class:      8.19 MB used.
       Both:     78.09 MB used.

Virtual space:
  Non-class space:      128.00 MB reserved,      70.88 MB ( 55%) committed,  2 nodes.
      Class space:        1.00 GB reserved,       8.94 MB ( <1%) committed,  1 nodes.
             Both:        1.12 GB reserved,      79.81 MB (  7%) committed. 

Chunk freelists:
   Non-Class:  9.01 MB
       Class:  7.10 MB
        Both:  16.11 MB

MaxMetaspaceSize: unlimited
CompressedClassSpaceSize: 1.00 GB
Initial GC threshold: 21.00 MB
Current GC threshold: 132.75 MB
CDS: on
 - commit_granule_bytes: 65536.
 - commit_granule_words: 8192.
 - virtual_space_node_default_size: 8388608.
 - enlarge_chunks_in_place: 1.
 - use_allocation_guard: 0.


Internal statistics:

num_allocs_failed_limit: 9.
num_arena_births: 1606.
num_arena_deaths: 62.
num_vsnodes_births: 3.
num_vsnodes_deaths: 0.
num_space_committed: 1277.
num_space_uncommitted: 0.
num_chunks_returned_to_freelist: 94.
num_chunks_taken_from_freelist: 5372.
num_chunk_merges: 36.
num_chunk_splits: 3236.
num_chunks_enlarged: 1762.
num_inconsistent_stats: 0.

CodeHeap 'non-profiled nmethods': size=119168Kb used=12627Kb max_used=13065Kb free=106540Kb
 bounds [0x0000026f6c750000, 0x0000026f6d430000, 0x0000026f73bb0000]
CodeHeap 'profiled nmethods': size=119104Kb used=36325Kb max_used=38769Kb free=82778Kb
 bounds [0x0000026f64bb0000, 0x0000026f67190000, 0x0000026f6c000000]
CodeHeap 'non-nmethods': size=7488Kb used=1501Kb max_used=3275Kb free=5986Kb
 bounds [0x0000026f6c000000, 0x0000026f6c370000, 0x0000026f6c750000]
CodeCache: size=245760Kb, used=50453Kb, max_used=55109Kb, free=195304Kb
 total_blobs=16301, nmethods=15475, adapters=729, full_count=0
Compilation: enabled, stopped_count=0, restarted_count=0

Compilation events (20 events):
Event: 6204.277 Thread 0x0000026f61a6b340 nmethod 17212 0x0000026f64c4aa90 code [0x0000026f64c4aca0, 0x0000026f64c4b340]
Event: 6204.277 Thread 0x0000026f61a6b340 17213       3       java.util.UUID::toString (17 bytes)
Event: 6204.277 Thread 0x0000026f61a685e0 17216       4       java.util.Arrays::fill (21 bytes)
Event: 6204.277 Thread 0x0000026f61a6b340 nmethod 17213 0x0000026f64dcc210 code [0x0000026f64dcc3c0, 0x0000026f64dcc580]
Event: 6204.277 Thread 0x0000026f61a6b340 17214       3       java.lang.System$2::fastUUID (6 bytes)
Event: 6204.277 Thread 0x0000026f61a6b340 nmethod 17214 0x0000026f64ef7210 code [0x0000026f64ef73c0, 0x0000026f64ef7500]
Event: 6204.277 Thread 0x0000026f61a6b340 17215       3       java.lang.Long::fastUUID (224 bytes)
Event: 6204.278 Thread 0x0000026f61a6b340 nmethod 17215 0x0000026f64e38a10 code [0x0000026f64e38c00, 0x0000026f64e39050]
Event: 6204.279 Thread 0x0000026f61a685e0 nmethod 17216 0x0000026f6c7a7e90 code [0x0000026f6c7a8020, 0x0000026f6c7a8148]
Event: 6204.310 Thread 0x0000026f61a685e0 17217       4       java.io.File::equals (28 bytes)
Event: 6204.310 Thread 0x0000026f61a6b340 17219       1       org.eclipse.jdt.core.SourceRange::getOffset (5 bytes)
Event: 6204.311 Thread 0x0000026f61a6b340 nmethod 17219 0x0000026f6c7bf490 code [0x0000026f6c7bf620, 0x0000026f6c7bf6e8]
Event: 6204.311 Thread 0x0000026f61a6b340 17220       1       org.eclipse.lsp4j.jsonrpc.messages.IdentifiableMessage::setRawId (6 bytes)
Event: 6204.312 Thread 0x0000026f61a6b340 nmethod 17220 0x0000026f6c7bf190 code [0x0000026f6c7bf320, 0x0000026f6c7bf400]
Event: 6204.312 Thread 0x0000026f61a6b340 17221       1       org.eclipse.lsp4j.jsonrpc.messages.IdentifiableMessage::getRawId (5 bytes)
Event: 6204.312 Thread 0x0000026f61a6b340 nmethod 17221 0x0000026f6c7bee90 code [0x0000026f6c7bf020, 0x0000026f6c7bf0e8]
Event: 6204.316 Thread 0x0000026f61a685e0 nmethod 17217 0x0000026f6c91bd90 code [0x0000026f6c91bf40, 0x0000026f6c91c408]
Event: 6204.316 Thread 0x0000026f61a685e0 17218       4       org.eclipse.jdt.ls.core.internal.filesystem.JLSFsUtils::shouldStoreInMetadataArea (73 bytes)
Event: 6204.333 Thread 0x0000026f61a685e0 nmethod 17218 0x0000026f6c968d10 code [0x0000026f6c969080, 0x0000026f6c96a280]
Event: 6204.430 Thread 0x0000026f45eaefd0 nmethod 17192 0x0000026f6d412710 code [0x0000026f6d413460, 0x0000026f6d421ce0]

GC Heap History (20 events):
Event: 37.402 GC heap before
{Heap before GC invocations=210 (full 3):
 PSYoungGen      total 13824K, used 13637K [0x00000000d5580000, 0x00000000d6600000, 0x0000000100000000)
  eden space 12800K, 100% used [0x00000000d5580000,0x00000000d6200000,0x00000000d6200000)
  from space 1024K, 81% used [0x00000000d6500000,0x00000000d65d1420,0x00000000d6600000)
  to   space 1536K, 0% used [0x00000000d6300000,0x00000000d6300000,0x00000000d6480000)
 ParOldGen       total 160768K, used 160732K [0x0000000080000000, 0x0000000089d00000, 0x00000000d5580000)
  object space 160768K, 99% used [0x0000000080000000,0x0000000089cf7148,0x0000000089d00000)
 Metaspace       used 76171K, committed 77824K, reserved 1179648K
  class space    used 7907K, committed 8640K, reserved 1048576K
}
Event: 37.403 GC heap after
{Heap after GC invocations=210 (full 3):
 PSYoungGen      total 14336K, used 1104K [0x00000000d5580000, 0x00000000d6580000, 0x0000000100000000)
  eden space 12800K, 0% used [0x00000000d5580000,0x00000000d5580000,0x00000000d6200000)
  from space 1536K, 71% used [0x00000000d6300000,0x00000000d6414030,0x00000000d6480000)
  to   space 1024K, 0% used [0x00000000d6480000,0x00000000d6480000,0x00000000d6580000)
 ParOldGen       total 161280K, used 161268K [0x0000000080000000, 0x0000000089d80000, 0x00000000d5580000)
  object space 161280K, 99% used [0x0000000080000000,0x0000000089d7d148,0x0000000089d80000)
 Metaspace       used 76171K, committed 77824K, reserved 1179648K
  class space    used 7907K, committed 8640K, reserved 1048576K
}
Event: 37.422 GC heap before
{Heap before GC invocations=211 (full 3):
 PSYoungGen      total 14336K, used 13904K [0x00000000d5580000, 0x00000000d6580000, 0x0000000100000000)
  eden space 12800K, 100% used [0x00000000d5580000,0x00000000d6200000,0x00000000d6200000)
  from space 1536K, 71% used [0x00000000d6300000,0x00000000d6414030,0x00000000d6480000)
  to   space 1024K, 0% used [0x00000000d6480000,0x00000000d6480000,0x00000000d6580000)
 ParOldGen       total 161280K, used 161268K [0x0000000080000000, 0x0000000089d80000, 0x00000000d5580000)
  object space 161280K, 99% used [0x0000000080000000,0x0000000089d7d148,0x0000000089d80000)
 Metaspace       used 76208K, committed 77888K, reserved 1179648K
  class space    used 7911K, committed 8640K, reserved 1048576K
}
Event: 37.423 GC heap after
{Heap after GC invocations=211 (full 3):
 PSYoungGen      total 13312K, used 480K [0x00000000d5580000, 0x00000000d6500000, 0x0000000100000000)
  eden space 12800K, 0% used [0x00000000d5580000,0x00000000d5580000,0x00000000d6200000)
  from space 512K, 93% used [0x00000000d6480000,0x00000000d64f8000,0x00000000d6500000)
  to   space 1024K, 0% used [0x00000000d6300000,0x00000000d6300000,0x00000000d6400000)
 ParOldGen       total 161792K, used 161744K [0x0000000080000000, 0x0000000089e00000, 0x00000000d5580000)
  object space 161792K, 99% used [0x0000000080000000,0x0000000089df4178,0x0000000089e00000)
 Metaspace       used 76208K, committed 77888K, reserved 1179648K
  class space    used 7911K, committed 8640K, reserved 1048576K
}
Event: 37.560 GC heap before
{Heap before GC invocations=212 (full 3):
 PSYoungGen      total 13312K, used 13280K [0x00000000d5580000, 0x00000000d6500000, 0x0000000100000000)
  eden space 12800K, 100% used [0x00000000d5580000,0x00000000d6200000,0x00000000d6200000)
  from space 512K, 93% used [0x00000000d6480000,0x00000000d64f8000,0x00000000d6500000)
  to   space 1024K, 0% used [0x00000000d6300000,0x00000000d6300000,0x00000000d6400000)
 ParOldGen       total 161792K, used 161744K [0x0000000080000000, 0x0000000089e00000, 0x00000000d5580000)
  object space 161792K, 99% used [0x0000000080000000,0x0000000089df4178,0x0000000089e00000)
 Metaspace       used 76276K, committed 77952K, reserved 1179648K
  class space    used 7919K, committed 8640K, reserved 1048576K
}
Event: 37.561 GC heap after
{Heap after GC invocations=212 (full 3):
 PSYoungGen      total 13824K, used 512K [0x00000000d5580000, 0x00000000d6500000, 0x0000000100000000)
  eden space 12800K, 0% used [0x00000000d5580000,0x00000000d5580000,0x00000000d6200000)
  from space 1024K, 50% used [0x00000000d6300000,0x00000000d6380000,0x00000000d6400000)
  to   space 1024K, 0% used [0x00000000d6400000,0x00000000d6400000,0x00000000d6500000)
 ParOldGen       total 162304K, used 161856K [0x0000000080000000, 0x0000000089e80000, 0x00000000d5580000)
  object space 162304K, 99% used [0x0000000080000000,0x0000000089e10178,0x0000000089e80000)
 Metaspace       used 76276K, committed 77952K, reserved 1179648K
  class space    used 7919K, committed 8640K, reserved 1048576K
}
Event: 37.670 GC heap before
{Heap before GC invocations=213 (full 3):
 PSYoungGen      total 13824K, used 13311K [0x00000000d5580000, 0x00000000d6500000, 0x0000000100000000)
  eden space 12800K, 99% used [0x00000000d5580000,0x00000000d61fffb8,0x00000000d6200000)
  from space 1024K, 50% used [0x00000000d6300000,0x00000000d6380000,0x00000000d6400000)
  to   space 1024K, 0% used [0x00000000d6400000,0x00000000d6400000,0x00000000d6500000)
 ParOldGen       total 162304K, used 161856K [0x0000000080000000, 0x0000000089e80000, 0x00000000d5580000)
  object space 162304K, 99% used [0x0000000080000000,0x0000000089e10178,0x0000000089e80000)
 Metaspace       used 77307K, committed 79040K, reserved 1179648K
  class space    used 8035K, committed 8832K, reserved 1048576K
}
Event: 37.671 GC heap after
{Heap after GC invocations=213 (full 3):
 PSYoungGen      total 13824K, used 858K [0x00000000d5580000, 0x00000000d6500000, 0x0000000100000000)
  eden space 12800K, 0% used [0x00000000d5580000,0x00000000d5580000,0x00000000d6200000)
  from space 1024K, 83% used [0x00000000d6400000,0x00000000d64d6908,0x00000000d6500000)
  to   space 1024K, 0% used [0x00000000d6300000,0x00000000d6300000,0x00000000d6400000)
 ParOldGen       total 162304K, used 162072K [0x0000000080000000, 0x0000000089e80000, 0x00000000d5580000)
  object space 162304K, 99% used [0x0000000080000000,0x0000000089e46178,0x0000000089e80000)
 Metaspace       used 77307K, committed 79040K, reserved 1179648K
  class space    used 8035K, committed 8832K, reserved 1048576K
}
Event: 37.787 GC heap before
{Heap before GC invocations=214 (full 3):
 PSYoungGen      total 13824K, used 13658K [0x00000000d5580000, 0x00000000d6500000, 0x0000000100000000)
  eden space 12800K, 100% used [0x00000000d5580000,0x00000000d6200000,0x00000000d6200000)
  from space 1024K, 83% used [0x00000000d6400000,0x00000000d64d6908,0x00000000d6500000)
  to   space 1024K, 0% used [0x00000000d6300000,0x00000000d6300000,0x00000000d6400000)
 ParOldGen       total 162304K, used 162072K [0x0000000080000000, 0x0000000089e80000, 0x00000000d5580000)
  object space 162304K, 99% used [0x0000000080000000,0x0000000089e46178,0x0000000089e80000)
 Metaspace       used 78295K, committed 80064K, reserved 1179648K
  class space    used 8196K, committed 9024K, reserved 1048576K
}
Event: 37.788 GC heap after
{Heap after GC invocations=214 (full 3):
 PSYoungGen      total 13824K, used 544K [0x00000000d5580000, 0x00000000d6480000, 0x0000000100000000)
  eden space 12800K, 0% used [0x00000000d5580000,0x00000000d5580000,0x00000000d6200000)
  from space 1024K, 53% used [0x00000000d6300000,0x00000000d6388000,0x00000000d6400000)
  to   space 512K, 0% used [0x00000000d6400000,0x00000000d6400000,0x00000000d6480000)
 ParOldGen       total 162816K, used 162534K [0x0000000080000000, 0x0000000089f00000, 0x00000000d5580000)
  object space 162816K, 99% used [0x0000000080000000,0x0000000089eb9ac8,0x0000000089f00000)
 Metaspace       used 78295K, committed 80064K, reserved 1179648K
  class space    used 8196K, committed 9024K, reserved 1048576K
}
Event: 44.188 GC heap before
{Heap before GC invocations=215 (full 3):
 PSYoungGen      total 13824K, used 13344K [0x00000000d5580000, 0x00000000d6480000, 0x0000000100000000)
  eden space 12800K, 100% used [0x00000000d5580000,0x00000000d6200000,0x00000000d6200000)
  from space 1024K, 53% used [0x00000000d6300000,0x00000000d6388000,0x00000000d6400000)
  to   space 512K, 0% used [0x00000000d6400000,0x00000000d6400000,0x00000000d6480000)
 ParOldGen       total 162816K, used 162534K [0x0000000080000000, 0x0000000089f00000, 0x00000000d5580000)
  object space 162816K, 99% used [0x0000000080000000,0x0000000089eb9ac8,0x0000000089f00000)
 Metaspace       used 79561K, committed 81344K, reserved 1179648K
  class space    used 8364K, committed 9152K, reserved 1048576K
}
Event: 44.189 GC heap after
{Heap after GC invocations=215 (full 3):
 PSYoungGen      total 13312K, used 506K [0x00000000d5580000, 0x00000000d6480000, 0x0000000100000000)
  eden space 12800K, 0% used [0x00000000d5580000,0x00000000d5580000,0x00000000d6200000)
  from space 512K, 98% used [0x00000000d6400000,0x00000000d647e900,0x00000000d6480000)
  to   space 1024K, 0% used [0x00000000d6280000,0x00000000d6280000,0x00000000d6380000)
 ParOldGen       total 163328K, used 162889K [0x0000000080000000, 0x0000000089f80000, 0x00000000d5580000)
  object space 163328K, 99% used [0x0000000080000000,0x0000000089f12418,0x0000000089f80000)
 Metaspace       used 79561K, committed 81344K, reserved 1179648K
  class space    used 8364K, committed 9152K, reserved 1048576K
}
Event: 45.182 GC heap before
{Heap before GC invocations=216 (full 3):
 PSYoungGen      total 13312K, used 13306K [0x00000000d5580000, 0x00000000d6480000, 0x0000000100000000)
  eden space 12800K, 100% used [0x00000000d5580000,0x00000000d6200000,0x00000000d6200000)
  from space 512K, 98% used [0x00000000d6400000,0x00000000d647e900,0x00000000d6480000)
  to   space 1024K, 0% used [0x00000000d6280000,0x00000000d6280000,0x00000000d6380000)
 ParOldGen       total 163328K, used 162889K [0x0000000080000000, 0x0000000089f80000, 0x00000000d5580000)
  object space 163328K, 99% used [0x0000000080000000,0x0000000089f12418,0x0000000089f80000)
 Metaspace       used 79576K, committed 81344K, reserved 1179648K
  class space    used 8364K, committed 9152K, reserved 1048576K
}
Event: 45.183 GC heap after
{Heap after GC invocations=216 (full 3):
 PSYoungGen      total 13824K, used 724K [0x00000000d5580000, 0x00000000d6480000, 0x0000000100000000)
  eden space 12800K, 0% used [0x00000000d5580000,0x00000000d5580000,0x00000000d6200000)
  from space 1024K, 70% used [0x00000000d6280000,0x00000000d6335200,0x00000000d6380000)
  to   space 1024K, 0% used [0x00000000d6380000,0x00000000d6380000,0x00000000d6480000)
 ParOldGen       total 163328K, used 163323K [0x0000000080000000, 0x0000000089f80000, 0x00000000d5580000)
  object space 163328K, 99% used [0x0000000080000000,0x0000000089f7ed28,0x0000000089f80000)
 Metaspace       used 79576K, committed 81344K, reserved 1179648K
  class space    used 8364K, committed 9152K, reserved 1048576K
}
Event: 336.647 GC heap before
{Heap before GC invocations=217 (full 3):
 PSYoungGen      total 13824K, used 8567K [0x00000000d5580000, 0x00000000d6480000, 0x0000000100000000)
  eden space 12800K, 61% used [0x00000000d5580000,0x00000000d5d28b58,0x00000000d6200000)
  from space 1024K, 70% used [0x00000000d6280000,0x00000000d6335200,0x00000000d6380000)
  to   space 1024K, 0% used [0x00000000d6380000,0x00000000d6380000,0x00000000d6480000)
 ParOldGen       total 163328K, used 163323K [0x0000000080000000, 0x0000000089f80000, 0x00000000d5580000)
  object space 163328K, 99% used [0x0000000080000000,0x0000000089f7ed28,0x0000000089f80000)
 Metaspace       used 79780K, committed 81536K, reserved 1179648K
  class space    used 8378K, committed 9152K, reserved 1048576K
}
Event: 336.649 GC heap after
{Heap after GC invocations=217 (full 3):
 PSYoungGen      total 13312K, used 448K [0x00000000d5580000, 0x00000000d6400000, 0x0000000100000000)
  eden space 12800K, 0% used [0x00000000d5580000,0x00000000d5580000,0x00000000d6200000)
  from space 512K, 87% used [0x00000000d6380000,0x00000000d63f0000,0x00000000d6400000)
  to   space 1024K, 0% used [0x00000000d6200000,0x00000000d6200000,0x00000000d6300000)
 ParOldGen       total 164352K, used 163899K [0x0000000080000000, 0x000000008a080000, 0x00000000d5580000)
  object space 164352K, 99% used [0x0000000080000000,0x000000008a00ed28,0x000000008a080000)
 Metaspace       used 79780K, committed 81536K, reserved 1179648K
  class space    used 8378K, committed 9152K, reserved 1048576K
}
Event: 336.649 GC heap before
{Heap before GC invocations=218 (full 4):
 PSYoungGen      total 13312K, used 448K [0x00000000d5580000, 0x00000000d6400000, 0x0000000100000000)
  eden space 12800K, 0% used [0x00000000d5580000,0x00000000d5580000,0x00000000d6200000)
  from space 512K, 87% used [0x00000000d6380000,0x00000000d63f0000,0x00000000d6400000)
  to   space 1024K, 0% used [0x00000000d6200000,0x00000000d6200000,0x00000000d6300000)
 ParOldGen       total 164352K, used 163899K [0x0000000080000000, 0x000000008a080000, 0x00000000d5580000)
  object space 164352K, 99% used [0x0000000080000000,0x000000008a00ed28,0x000000008a080000)
 Metaspace       used 79780K, committed 81536K, reserved 1179648K
  class space    used 8378K, committed 9152K, reserved 1048576K
}
Event: 336.726 GC heap after
{Heap after GC invocations=218 (full 4):
 PSYoungGen      total 13312K, used 0K [0x00000000d5580000, 0x00000000d6400000, 0x0000000100000000)
  eden space 12800K, 0% used [0x00000000d5580000,0x00000000d5580000,0x00000000d6200000)
  from space 512K, 0% used [0x00000000d6380000,0x00000000d6380000,0x00000000d6400000)
  to   space 1024K, 0% used [0x00000000d6200000,0x00000000d6200000,0x00000000d6300000)
 ParOldGen       total 164352K, used 82910K [0x0000000080000000, 0x000000008a080000, 0x00000000d5580000)
  object space 164352K, 50% used [0x0000000080000000,0x00000000850f7848,0x000000008a080000)
 Metaspace       used 79737K, committed 81536K, reserved 1179648K
  class space    used 8366K, committed 9152K, reserved 1048576K
}
Event: 6203.880 GC heap before
{Heap before GC invocations=219 (full 4):
 PSYoungGen      total 13312K, used 12800K [0x00000000d5580000, 0x00000000d6400000, 0x0000000100000000)
  eden space 12800K, 100% used [0x00000000d5580000,0x00000000d6200000,0x00000000d6200000)
  from space 512K, 0% used [0x00000000d6380000,0x00000000d6380000,0x00000000d6400000)
  to   space 1024K, 0% used [0x00000000d6200000,0x00000000d6200000,0x00000000d6300000)
 ParOldGen       total 164352K, used 82910K [0x0000000080000000, 0x000000008a080000, 0x00000000d5580000)
  object space 164352K, 50% used [0x0000000080000000,0x00000000850f7848,0x000000008a080000)
 Metaspace       used 79942K, committed 81728K, reserved 1179648K
  class space    used 8386K, committed 9152K, reserved 1048576K
}
Event: 6203.882 GC heap after
{Heap after GC invocations=219 (full 4):
 PSYoungGen      total 13824K, used 480K [0x00000000d5580000, 0x00000000d6400000, 0x0000000100000000)
  eden space 12800K, 0% used [0x00000000d5580000,0x00000000d5580000,0x00000000d6200000)
  from space 1024K, 46% used [0x00000000d6200000,0x00000000d6278000,0x00000000d6300000)
  to   space 512K, 0% used [0x00000000d6380000,0x00000000d6380000,0x00000000d6400000)
 ParOldGen       total 164352K, used 82918K [0x0000000080000000, 0x000000008a080000, 0x00000000d5580000)
  object space 164352K, 50% used [0x0000000080000000,0x00000000850f9848,0x000000008a080000)
 Metaspace       used 79942K, committed 81728K, reserved 1179648K
  class space    used 8386K, committed 9152K, reserved 1048576K
}

Dll operation events (12 events):
Event: 0.011 Loaded shared library c:\Users\Bilal\.vscode\extensions\redhat.java-1.52.0-win32-x64\jre\21.0.9-win32-x86_64\bin\java.dll
Event: 0.051 Loaded shared library c:\Users\Bilal\.vscode\extensions\redhat.java-1.52.0-win32-x64\jre\21.0.9-win32-x86_64\bin\zip.dll
Event: 0.065 Loaded shared library C:\Users\Bilal\.vscode\extensions\redhat.java-1.52.0-win32-x64\jre\21.0.9-win32-x86_64\bin\instrument.dll
Event: 0.069 Loaded shared library C:\Users\Bilal\.vscode\extensions\redhat.java-1.52.0-win32-x64\jre\21.0.9-win32-x86_64\bin\net.dll
Event: 0.070 Loaded shared library C:\Users\Bilal\.vscode\extensions\redhat.java-1.52.0-win32-x64\jre\21.0.9-win32-x86_64\bin\nio.dll
Event: 0.072 Loaded shared library C:\Users\Bilal\.vscode\extensions\redhat.java-1.52.0-win32-x64\jre\21.0.9-win32-x86_64\bin\zip.dll
Event: 0.084 Loaded shared library C:\Users\Bilal\.vscode\extensions\redhat.java-1.52.0-win32-x64\jre\21.0.9-win32-x86_64\bin\jimage.dll
Event: 0.129 Loaded shared library c:\Users\Bilal\.vscode\extensions\redhat.java-1.52.0-win32-x64\jre\21.0.9-win32-x86_64\bin\verify.dll
Event: 10.331 Loaded shared library C:\Users\Bilal\AppData\Roaming\Code\User\globalStorage\redhat.java\1.52.0\config_win\org.eclipse.equinox.launcher\org.eclipse.equinox.launcher.win32.win32.x86_64_1.2.1500.v20260121-1430\eclipse_11919.dll
Event: 23.444 Loaded shared library C:\Users\Bilal\AppData\Local\Temp\jna-64187344\jna7197472727440751777.dll
Event: 24.422 Loaded shared library C:\Users\Bilal\.vscode\extensions\redhat.java-1.52.0-win32-x64\jre\21.0.9-win32-x86_64\bin\sunmscapi.dll
Event: 24.742 Loaded shared library C:\Users\Bilal\.vscode\extensions\redhat.java-1.52.0-win32-x64\jre\21.0.9-win32-x86_64\bin\extnet.dll

Deoptimization events (20 events):
Event: 5376.136 Thread 0x0000026f558cb8d0 DEOPT PACKING pc=0x0000026f664de385 sp=0x000000eca83fdea0
Event: 5376.136 Thread 0x0000026f558cb8d0 DEOPT UNPACKING pc=0x0000026f6c054242 sp=0x000000eca83fd2e0 mode 0
Event: 6203.877 Thread 0x0000026f47f56b10 Uncommon trap: trap_request=0xffffff45 fr.pc=0x0000026f6c828214 relative=0x0000000000000074
Event: 6203.877 Thread 0x0000026f47f56b10 Uncommon trap: reason=unstable_if action=reinterpret pc=0x0000026f6c828214 method=java.util.concurrent.locks.AbstractQueuedSynchronizer$ConditionObject.canReacquire(Ljava/util/concurrent/locks/AbstractQueuedSynchronizer$ConditionNode;)Z @ 10 c2
Event: 6203.877 Thread 0x0000026f47f56b10 DEOPT PACKING pc=0x0000026f6c828214 sp=0x000000ecad3ff2d0
Event: 6203.877 Thread 0x0000026f47f56b10 DEOPT UNPACKING pc=0x0000026f6c053aa2 sp=0x000000ecad3ff268 mode 2
Event: 6203.887 Thread 0x0000026f47f56b10 DEOPT PACKING pc=0x0000026f668f1745 sp=0x000000ecad3febd0
Event: 6203.887 Thread 0x0000026f47f56b10 DEOPT UNPACKING pc=0x0000026f6c054242 sp=0x000000ecad3fe0b0 mode 0
Event: 6204.023 Thread 0x0000026f558c9e90 DEOPT PACKING pc=0x0000026f667f5372 sp=0x000000eca83fe580
Event: 6204.023 Thread 0x0000026f558c9e90 DEOPT UNPACKING pc=0x0000026f6c054242 sp=0x000000eca83fdaa0 mode 0
Event: 6204.033 Thread 0x0000026f558c9e90 DEOPT PACKING pc=0x0000026f67138db6 sp=0x000000eca83fd3e0
Event: 6204.033 Thread 0x0000026f558c9e90 DEOPT UNPACKING pc=0x0000026f6c054242 sp=0x000000eca83fcaa0 mode 0
Event: 6204.042 Thread 0x0000026f558c9e90 DEOPT PACKING pc=0x0000026f67138db6 sp=0x000000eca83fd3a0
Event: 6204.042 Thread 0x0000026f558c9e90 DEOPT UNPACKING pc=0x0000026f6c054242 sp=0x000000eca83fca60 mode 0
Event: 6204.277 Thread 0x0000026f558c9e90 DEOPT PACKING pc=0x0000026f655de9db sp=0x000000eca83fe8d0
Event: 6204.277 Thread 0x0000026f558c9e90 DEOPT UNPACKING pc=0x0000026f6c054242 sp=0x000000eca83fdd58 mode 0
Event: 6204.278 Thread 0x0000026f558c9e90 Uncommon trap: trap_request=0xffffffe4 fr.pc=0x0000026f6c7e2c90 relative=0x0000000000000490
Event: 6204.278 Thread 0x0000026f558c9e90 Uncommon trap: reason=range_check action=make_not_entrant pc=0x0000026f6c7e2c90 method=org.eclipse.jdt.internal.compiler.parser.Scanner.pushLineSeparator()V @ 104 c2
Event: 6204.278 Thread 0x0000026f558c9e90 DEOPT PACKING pc=0x0000026f6c7e2c90 sp=0x000000eca83fed60
Event: 6204.278 Thread 0x0000026f558c9e90 DEOPT UNPACKING pc=0x0000026f6c053aa2 sp=0x000000eca83fed00 mode 2

Classes loaded (20 events):
Event: 43.222 Loading class java/lang/ProcessHandleImpl$1
Event: 43.223 Loading class java/lang/ProcessHandleImpl$1 done
Event: 43.223 Loading class java/util/concurrent/CompletableFuture$UniHandle
Event: 43.223 Loading class java/util/concurrent/CompletableFuture$UniHandle done
Event: 336.635 Loading class java/util/stream/Nodes$CollectorTask$OfRef
Event: 336.635 Loading class java/util/stream/Nodes$CollectorTask
Event: 336.635 Loading class java/util/stream/Nodes$CollectorTask done
Event: 336.635 Loading class java/util/stream/Nodes$CollectorTask$OfRef done
Event: 336.639 Loading class java/util/function/LongFunction
Event: 336.639 Loading class java/util/function/LongFunction done
Event: 336.639 Loading class java/util/stream/Nodes$ConcNode
Event: 336.639 Loading class java/util/stream/Nodes$AbstractConcNode
Event: 336.639 Loading class java/util/stream/Nodes$AbstractConcNode done
Event: 336.639 Loading class java/util/stream/Nodes$ConcNode done
Event: 336.641 Loading class java/io/ObjectOutputStream$BlockDataOutputStream
Event: 336.641 Loading class java/io/ObjectOutputStream$BlockDataOutputStream done
Event: 336.641 Loading class java/io/ObjectOutputStream$HandleTable
Event: 336.641 Loading class java/io/ObjectOutputStream$HandleTable done
Event: 336.642 Loading class java/io/ObjectOutputStream$ReplaceTable
Event: 336.642 Loading class java/io/ObjectOutputStream$ReplaceTable done

Classes unloaded (20 events):
Event: 336.662 Thread 0x0000026f797a5db0 Unloading class 0x0000026f017c8400 'java/lang/invoke/LambdaForm$MH+0x0000026f017c8400'
Event: 336.662 Thread 0x0000026f797a5db0 Unloading class 0x0000026f017c8000 'java/lang/invoke/LambdaForm$MH+0x0000026f017c8000'
Event: 336.662 Thread 0x0000026f797a5db0 Unloading class 0x0000026f017c3c00 'java/lang/invoke/LambdaForm$MH+0x0000026f017c3c00'
Event: 336.662 Thread 0x0000026f797a5db0 Unloading class 0x0000026f017c3400 'java/lang/invoke/LambdaForm$MH+0x0000026f017c3400'
Event: 336.662 Thread 0x0000026f797a5db0 Unloading class 0x0000026f017c3000 'java/lang/invoke/LambdaForm$MH+0x0000026f017c3000'
Event: 336.662 Thread 0x0000026f797a5db0 Unloading class 0x0000026f017c2c00 'java/lang/invoke/LambdaForm$MH+0x0000026f017c2c00'
Event: 336.662 Thread 0x0000026f797a5db0 Unloading class 0x0000026f017c2400 'java/lang/invoke/LambdaForm$MH+0x0000026f017c2400'
Event: 336.662 Thread 0x0000026f797a5db0 Unloading class 0x0000026f017c2000 'java/lang/invoke/LambdaForm$MH+0x0000026f017c2000'
Event: 336.662 Thread 0x0000026f797a5db0 Unloading class 0x0000026f017c1c00 'java/lang/invoke/LambdaForm$MH+0x0000026f017c1c00'
Event: 336.662 Thread 0x0000026f797a5db0 Unloading class 0x0000026f017c1400 'java/lang/invoke/LambdaForm$MH+0x0000026f017c1400'
Event: 336.662 Thread 0x0000026f797a5db0 Unloading class 0x0000026f017c0c00 'java/lang/invoke/LambdaForm$MH+0x0000026f017c0c00'
Event: 336.662 Thread 0x0000026f797a5db0 Unloading class 0x0000026f017c1000 'java/lang/invoke/LambdaForm$MH+0x0000026f017c1000'
Event: 336.662 Thread 0x0000026f797a5db0 Unloading class 0x0000026f017b9000 'java/lang/invoke/LambdaForm$DMH+0x0000026f017b9000'
Event: 336.662 Thread 0x0000026f797a5db0 Unloading class 0x0000026f017b8c00 'java/lang/invoke/LambdaForm$DMH+0x0000026f017b8c00'
Event: 336.662 Thread 0x0000026f797a5db0 Unloading class 0x0000026f017b8800 'java/lang/invoke/LambdaForm$DMH+0x0000026f017b8800'
Event: 336.662 Thread 0x0000026f797a5db0 Unloading class 0x0000026f017b8400 'java/lang/invoke/LambdaForm$DMH+0x0000026f017b8400'
Event: 336.662 Thread 0x0000026f797a5db0 Unloading class 0x0000026f01781800 'java/lang/invoke/LambdaForm$DMH+0x0000026f01781800'
Event: 336.662 Thread 0x0000026f797a5db0 Unloading class 0x0000026f01781400 'java/lang/invoke/LambdaForm$DMH+0x0000026f01781400'
Event: 336.662 Thread 0x0000026f797a5db0 Unloading class 0x0000026f01781000 'java/lang/invoke/LambdaForm$DMH+0x0000026f01781000'
Event: 336.662 Thread 0x0000026f797a5db0 Unloading class 0x0000026f01780c00 'java/lang/invoke/LambdaForm$DMH+0x0000026f01780c00'

Classes redefined (0 events):
No events

Internal exceptions (20 events):
Event: 37.925 Thread 0x0000026f558cc5f0 Exception <a 'java/lang/NoSuchMethodError'{0x00000000d5b60948}: 'java.lang.Object java.lang.invoke.DirectMethodHandle$Holder.invokeStatic(java.lang.Object, long, java.lang.Object, java.lang.Object)'> (0x00000000d5b60948) 
thrown [s\src\hotspot\share\interpreter\linkResolver.cpp, line 773]
Event: 37.942 Thread 0x0000026f558cc5f0 Exception <a 'sun/nio/fs/WindowsException'{0x00000000d5c25208}> (0x00000000d5c25208) 
thrown [s\src\hotspot\share\prims\jni.cpp, line 520]
Event: 37.942 Thread 0x0000026f558cc5f0 Exception <a 'sun/nio/fs/WindowsException'{0x00000000d5c26448}> (0x00000000d5c26448) 
thrown [s\src\hotspot\share\prims\jni.cpp, line 520]
Event: 37.958 Thread 0x0000026f558cc5f0 Exception <a 'java/lang/NoSuchMethodError'{0x00000000d5cd0f20}: 'void java.lang.invoke.DirectMethodHandle$Holder.invokeStatic(java.lang.Object, java.lang.Object, java.lang.Object, java.lang.Object, java.lang.Object, java.lang.Object, java.lang.Object)'> (0x00000000d5cd0f20) 
thrown [s\src\hotspot\share\interpreter\linkResolver.cpp, line 773]
Event: 38.429 Thread 0x0000026f558ced50 Exception <a 'java/lang/NoSuchMethodError'{0x00000000d5d08480}: 'long java.lang.invoke.DelegatingMethodHandle$Holder.reinvoke_L(java.lang.Object, java.lang.Object)'> (0x00000000d5d08480) 
thrown [s\src\hotspot\share\interpreter\linkResolver.cpp, line 773]
Event: 38.430 Thread 0x0000026f558ced50 Exception <a 'java/lang/NoSuchMethodError'{0x00000000d5d123f8}: 'void java.lang.invoke.DelegatingMethodHandle$Holder.reinvoke_L(java.lang.Object, java.lang.Object, long)'> (0x00000000d5d123f8) 
thrown [s\src\hotspot\share\interpreter\linkResolver.cpp, line 773]
Event: 43.224 Thread 0x0000026f558ced50 Exception <a 'java/lang/NoSuchMethodError'{0x00000000d5f220d8}: 'long java.lang.invoke.Invokers$Holder.invokeExact_MT(java.lang.Object, java.lang.Object, java.lang.Object)'> (0x00000000d5f220d8) 
thrown [s\src\hotspot\share\interpreter\linkResolver.cpp, line 773]
Event: 44.157 Thread 0x0000026f47f5a620 Exception <a 'java/lang/IncompatibleClassChangeError'{0x00000000d5f32078}: Found class java.lang.Object, but interface was expected> (0x00000000d5f32078) 
thrown [s\src\hotspot\share\interpreter\linkResolver.cpp, line 840]
Event: 44.163 Thread 0x0000026f479e6680 Exception <a 'java/lang/NoSuchMethodError'{0x00000000d5f6ae30}: 'java.lang.Object java.lang.invoke.DirectMethodHandle$Holder.invokeSpecial(java.lang.Object, java.lang.Object, java.lang.Object, java.lang.Object, int, java.lang.Object, java.lang.Object)'> (0x00000000d5f6ae30) 
thrown [s\src\hotspot\share\interpreter\linkResolver.cpp, line 773]
Event: 44.304 Thread 0x0000026f45ddac40 Exception <a 'sun/nio/fs/WindowsException'{0x00000000d603dfc8}> (0x00000000d603dfc8) 
thrown [s\src\hotspot\share\prims\jni.cpp, line 520]
Event: 44.304 Thread 0x0000026f45ddac40 Exception <a 'sun/nio/fs/WindowsException'{0x00000000d603e830}> (0x00000000d603e830) 
thrown [s\src\hotspot\share\prims\jni.cpp, line 520]
Event: 44.306 Thread 0x0000026f45ddac40 Exception <a 'sun/nio/fs/WindowsException'{0x00000000d60651b8}> (0x00000000d60651b8) 
thrown [s\src\hotspot\share\prims\jni.cpp, line 520]
Event: 44.306 Thread 0x0000026f45ddac40 Exception <a 'sun/nio/fs/WindowsException'{0x00000000d6065a50}> (0x00000000d6065a50) 
thrown [s\src\hotspot\share\prims\jni.cpp, line 520]
Event: 336.632 Thread 0x0000026f558ce030 Exception <a 'sun/nio/fs/WindowsException'{0x00000000d5cba890}> (0x00000000d5cba890) 
thrown [s\src\hotspot\share\prims\jni.cpp, line 520]
Event: 336.632 Thread 0x0000026f558ce030 Exception <a 'sun/nio/fs/WindowsException'{0x00000000d5cbb188}> (0x00000000d5cbb188) 
thrown [s\src\hotspot\share\prims\jni.cpp, line 520]
Event: 336.633 Thread 0x0000026f558ce030 Implicit null exception at 0x0000026f6d21b906 to 0x0000026f6d21bbb0
Event: 336.736 Thread 0x0000026f558ce030 Exception <a 'java/lang/NoSuchMethodError'{0x00000000d55dc030}: static [J.<clinit>()V> (0x00000000d55dc030) 
thrown [s\src\hotspot\share\prims\jni.cpp, line 1111]
Event: 336.750 Thread 0x0000026f558ce030 Exception <a 'java/lang/NoSuchMethodError'{0x00000000d56a7b38}: 'java.lang.Object java.lang.invoke.DirectMethodHandle$Holder.newInvokeSpecial(java.lang.Object, java.lang.Object, java.lang.Object, java.lang.Object, java.lang.Object, java.lang.Object, java.lang.Object, java.lang.Object)'> (0x00000000d56a7b38) 
thrown [s\src\hotspot\share\interpreter\linkResolver.cpp, line 773]
Event: 1723.362 Thread 0x0000026f47f5a620 Exception <a 'java/lang/IncompatibleClassChangeError'{0x00000000d583a568}: Found class java.lang.Object, but interface was expected> (0x00000000d583a568) 
thrown [s\src\hotspot\share\interpreter\linkResolver.cpp, line 840]
Event: 6204.278 Thread 0x0000026f558c9e90 Exception <a 'java/lang/ArrayIndexOutOfBoundsException'{0x00000000d5c4a090}: Index 351 out of bounds for length 350> (0x00000000d5c4a090) 
thrown [s\src\hotspot\share\interpreter\interpreterRuntime.cpp, line 439]

ZGC Phase Switch (0 events):
No events

VM Operations (20 events):
Event: 5376.988 Executing VM operation: Cleanup
Event: 5376.988 Executing VM operation: Cleanup done
Event: 5378.612 Executing VM operation: HandshakeAllThreads (HandshakeForDeflation)
Event: 5378.612 Executing VM operation: HandshakeAllThreads (HandshakeForDeflation) done
Event: 5378.612 Executing VM operation: RendezvousGCThreads
Event: 5378.612 Executing VM operation: RendezvousGCThreads done
Event: 5498.834 Executing VM operation: HandshakeAllThreads (HandshakeForDeflation)
Event: 5498.834 Executing VM operation: HandshakeAllThreads (HandshakeForDeflation) done
Event: 5498.834 Executing VM operation: RendezvousGCThreads
Event: 5498.834 Executing VM operation: RendezvousGCThreads done
Event: 5894.898 Executing VM operation: Cleanup
Event: 5894.898 Executing VM operation: Cleanup done
Event: 6099.948 Executing VM operation: HandshakeAllThreads (HandshakeForDeflation)
Event: 6099.948 Executing VM operation: HandshakeAllThreads (HandshakeForDeflation) done
Event: 6099.948 Executing VM operation: RendezvousGCThreads
Event: 6099.948 Executing VM operation: RendezvousGCThreads done
Event: 6203.880 Executing VM operation: ParallelGCFailedAllocation (Allocation Failure)
Event: 6203.882 Executing VM operation: ParallelGCFailedAllocation (Allocation Failure) done
Event: 6204.882 Executing VM operation: Cleanup
Event: 6204.882 Executing VM operation: Cleanup done

Memory protections (0 events):
No events

Nmethod flushes (20 events):
Event: 336.688 Thread 0x0000026f797a5db0 flushing  nmethod 0x0000026f65bfd790
Event: 336.688 Thread 0x0000026f797a5db0 flushing  nmethod 0x0000026f65bfdc90
Event: 336.688 Thread 0x0000026f797a5db0 flushing  nmethod 0x0000026f65bffa90
Event: 336.688 Thread 0x0000026f797a5db0 flushing  nmethod 0x0000026f65bfff90
Event: 336.688 Thread 0x0000026f797a5db0 flushing  nmethod 0x0000026f65c02b10
Event: 336.688 Thread 0x0000026f797a5db0 flushing osr nmethod 0x0000026f65c05510
Event: 336.688 Thread 0x0000026f797a5db0 flushing  nmethod 0x0000026f65c07310
Event: 336.688 Thread 0x0000026f797a5db0 flushing  nmethod 0x0000026f65c10090
Event: 336.688 Thread 0x0000026f797a5db0 flushing  nmethod 0x0000026f65c1ff90
Event: 336.688 Thread 0x0000026f797a5db0 flushing  nmethod 0x0000026f65c72f90
Event: 336.688 Thread 0x0000026f797a5db0 flushing  nmethod 0x0000026f65c76910
Event: 336.688 Thread 0x0000026f797a5db0 flushing  nmethod 0x0000026f65c76f90
Event: 336.688 Thread 0x0000026f797a5db0 flushing  nmethod 0x0000026f65c77790
Event: 336.688 Thread 0x0000026f797a5db0 flushing  nmethod 0x0000026f65c78110
Event: 336.688 Thread 0x0000026f797a5db0 flushing  nmethod 0x0000026f65d39910
Event: 336.688 Thread 0x0000026f797a5db0 flushing  nmethod 0x0000026f65d3a990
Event: 336.688 Thread 0x0000026f797a5db0 flushing  nmethod 0x0000026f65d41990
Event: 336.688 Thread 0x0000026f797a5db0 flushing  nmethod 0x0000026f65d42390
Event: 336.688 Thread 0x0000026f797a5db0 flushing  nmethod 0x0000026f65d42d10
Event: 336.688 Thread 0x0000026f797a5db0 flushing  nmethod 0x0000026f65d43890

Events (20 events):
Event: 2207.901 Thread 0x0000026f48f64060 Thread exited: 0x0000026f48f64060
Event: 2250.073 Thread 0x0000026f47f5daa0 Thread exited: 0x0000026f47f5daa0
Event: 2267.917 Thread 0x0000026f4aff5e00 Thread exited: 0x0000026f4aff5e00
Event: 2310.077 Thread 0x0000026f479e3890 Thread exited: 0x0000026f479e3890
Event: 2327.919 Thread 0x0000026f4aff71b0 Thread exited: 0x0000026f4aff71b0
Event: 2370.092 Thread 0x0000026f47f57830 Thread exited: 0x0000026f47f57830
Event: 5376.073 Thread 0x0000026f47f5a620 Thread added: 0x0000026f558cb8d0
Event: 5376.091 Thread 0x0000026f61a6b340 Thread added: 0x0000026f45eaefd0
Event: 5376.127 Thread 0x0000026f61a685e0 Thread added: 0x0000026f45eb2d20
Event: 5381.170 Thread 0x0000026f45eb2d20 Thread exited: 0x0000026f45eb2d20
Event: 5386.170 Thread 0x0000026f45eaefd0 Thread exited: 0x0000026f45eaefd0
Event: 5436.138 Thread 0x0000026f558cb8d0 Thread exited: 0x0000026f558cb8d0
Event: 6203.933 Thread 0x0000026f47f5a620 Thread added: 0x0000026f558c9e90
Event: 6204.034 Thread 0x0000026f61a6b340 Thread added: 0x0000026f45eaefd0
Event: 6204.037 Thread 0x0000026f61a6b340 Thread added: 0x0000026f45eb2d20
Event: 6204.042 Thread 0x0000026f61a6b340 Thread added: 0x0000026f45eaf6a0
Event: 6204.046 Thread 0x0000026f61a6b340 Thread added: 0x0000026f45eb33f0
Event: 6204.276 Thread 0x0000026f45eb33f0 Thread exited: 0x0000026f45eb33f0
Event: 6204.277 Thread 0x0000026f45eb2d20 Thread exited: 0x0000026f45eb2d20
Event: 6204.277 Thread 0x0000026f45eaf6a0 Thread exited: 0x0000026f45eaf6a0


Dynamic libraries:
0x00007ff6b23a0000 - 0x00007ff6b23ae000 	c:\Users\Bilal\.vscode\extensions\redhat.java-1.52.0-win32-x64\jre\21.0.9-win32-x86_64\bin\java.exe
0x00007ffcceb80000 - 0x00007ffccede7000 	C:\Windows\SYSTEM32\ntdll.dll
0x00007ffcccdd0000 - 0x00007ffccce99000 	C:\Windows\System32\KERNEL32.DLL
0x00007ffccbcd0000 - 0x00007ffccc0bf000 	C:\Windows\System32\KERNELBASE.dll
0x00007ffccc210000 - 0x00007ffccc35b000 	C:\Windows\System32\ucrtbase.dll
0x00007ffc67000000 - 0x00007ffc6701e000 	c:\Users\Bilal\.vscode\extensions\redhat.java-1.52.0-win32-x64\jre\21.0.9-win32-x86_64\bin\VCRUNTIME140.dll
0x00007ffc47710000 - 0x00007ffc47728000 	c:\Users\Bilal\.vscode\extensions\redhat.java-1.52.0-win32-x64\jre\21.0.9-win32-x86_64\bin\jli.dll
0x00007ffcce5b0000 - 0x00007ffcce775000 	C:\Windows\System32\USER32.dll
0x00007ffccc4d0000 - 0x00007ffccc4f7000 	C:\Windows\System32\win32u.dll
0x00007ffcce500000 - 0x00007ffcce52b000 	C:\Windows\System32\GDI32.dll
0x00007ffccc740000 - 0x00007ffccc86c000 	C:\Windows\System32\gdi32full.dll
0x00007ffc9ed30000 - 0x00007ffc9efc3000 	C:\Windows\WinSxS\amd64_microsoft.windows.common-controls_6595b64144ccf1df_6.0.26100.7309_none_3e05feeae336a044\COMCTL32.dll
0x00007ffccc0d0000 - 0x00007ffccc173000 	C:\Windows\System32\msvcp_win.dll
0x00007ffcccf60000 - 0x00007ffccd009000 	C:\Windows\System32\msvcrt.dll
0x00007ffccd8d0000 - 0x00007ffccd901000 	C:\Windows\System32\IMM32.DLL
0x00007ffc97520000 - 0x00007ffc9752c000 	c:\Users\Bilal\.vscode\extensions\redhat.java-1.52.0-win32-x64\jre\21.0.9-win32-x86_64\bin\vcruntime140_1.dll
0x00007ffbeedf0000 - 0x00007ffbeee7d000 	c:\Users\Bilal\.vscode\extensions\redhat.java-1.52.0-win32-x64\jre\21.0.9-win32-x86_64\bin\msvcp140.dll
0x00007ffbdcac0000 - 0x00007ffbdd860000 	c:\Users\Bilal\.vscode\extensions\redhat.java-1.52.0-win32-x64\jre\21.0.9-win32-x86_64\bin\server\jvm.dll
0x00007ffcccea0000 - 0x00007ffcccf54000 	C:\Windows\System32\ADVAPI32.dll
0x00007ffccd7c0000 - 0x00007ffccd866000 	C:\Windows\System32\sechost.dll
0x00007ffcce1d0000 - 0x00007ffcce2e8000 	C:\Windows\System32\RPCRT4.dll
0x00007ffccd9f0000 - 0x00007ffccda64000 	C:\Windows\System32\WS2_32.dll
0x00007ffccbb30000 - 0x00007ffccbb8e000 	C:\Windows\SYSTEM32\POWRPROF.dll
0x00007ffcc32c0000 - 0x00007ffcc32cb000 	C:\Windows\SYSTEM32\VERSION.dll
0x00007ffcc3300000 - 0x00007ffcc3335000 	C:\Windows\SYSTEM32\WINMM.dll
0x00007ffccbb10000 - 0x00007ffccbb24000 	C:\Windows\SYSTEM32\UMPDC.dll
0x00007ffccaa40000 - 0x00007ffccaa5b000 	C:\Windows\SYSTEM32\kernel.appcore.dll
0x00007ffc97480000 - 0x00007ffc9748a000 	c:\Users\Bilal\.vscode\extensions\redhat.java-1.52.0-win32-x64\jre\21.0.9-win32-x86_64\bin\jimage.dll
0x00007ffcc9310000 - 0x00007ffcc9552000 	C:\Windows\SYSTEM32\DBGHELP.DLL
0x00007ffccc920000 - 0x00007ffcccca6000 	C:\Windows\System32\combase.dll
0x00007ffccd910000 - 0x00007ffccd9e6000 	C:\Windows\System32\OLEAUT32.dll
0x00007ffc8c870000 - 0x00007ffc8c8ac000 	C:\Windows\SYSTEM32\dbgcore.DLL
0x00007ffccc870000 - 0x00007ffccc915000 	C:\Windows\System32\bcryptPrimitives.dll
0x00007ffc77540000 - 0x00007ffc7754f000 	c:\Users\Bilal\.vscode\extensions\redhat.java-1.52.0-win32-x64\jre\21.0.9-win32-x86_64\bin\instrument.dll
0x00007ffc47310000 - 0x00007ffc47330000 	c:\Users\Bilal\.vscode\extensions\redhat.java-1.52.0-win32-x64\jre\21.0.9-win32-x86_64\bin\java.dll
0x00007ffccda70000 - 0x00007ffcce1c3000 	C:\Windows\System32\SHELL32.dll
0x00007ffccc360000 - 0x00007ffccc4ca000 	C:\Windows\System32\wintypes.dll
0x00007ffcc9890000 - 0x00007ffcca0ee000 	C:\Windows\SYSTEM32\windows.storage.dll
0x00007ffcce780000 - 0x00007ffcce875000 	C:\Windows\System32\SHCORE.dll
0x00007ffccd040000 - 0x00007ffccd0a6000 	C:\Windows\System32\shlwapi.dll
0x00007ffccbbf0000 - 0x00007ffccbc19000 	C:\Windows\SYSTEM32\profapi.dll
0x00007ffc43330000 - 0x00007ffc43348000 	c:\Users\Bilal\.vscode\extensions\redhat.java-1.52.0-win32-x64\jre\21.0.9-win32-x86_64\bin\zip.dll
0x00007ffc72ec0000 - 0x00007ffc72ed0000 	C:\Users\Bilal\.vscode\extensions\redhat.java-1.52.0-win32-x64\jre\21.0.9-win32-x86_64\bin\net.dll
0x00007ffcc6500000 - 0x00007ffcc6628000 	C:\Windows\SYSTEM32\WINHTTP.dll
0x00007ffccaf90000 - 0x00007ffccaffb000 	C:\Windows\system32\mswsock.dll
0x00007ffc40ee0000 - 0x00007ffc40ef6000 	C:\Users\Bilal\.vscode\extensions\redhat.java-1.52.0-win32-x64\jre\21.0.9-win32-x86_64\bin\nio.dll
0x00007ffc72b80000 - 0x00007ffc72b90000 	c:\Users\Bilal\.vscode\extensions\redhat.java-1.52.0-win32-x64\jre\21.0.9-win32-x86_64\bin\verify.dll
0x00007ffbf9800000 - 0x00007ffbf9845000 	C:\Users\Bilal\AppData\Roaming\Code\User\globalStorage\redhat.java\1.52.0\config_win\org.eclipse.equinox.launcher\org.eclipse.equinox.launcher.win32.win32.x86_64_1.2.1500.v20260121-1430\eclipse_11919.dll
0x00007ffcce880000 - 0x00007ffccea17000 	C:\Windows\System32\ole32.dll
0x00007ffccb380000 - 0x00007ffccb39b000 	C:\Windows\SYSTEM32\CRYPTSP.dll
0x00007ffcca9a0000 - 0x00007ffcca9da000 	C:\Windows\system32\rsaenh.dll
0x00007ffccb040000 - 0x00007ffccb06b000 	C:\Windows\SYSTEM32\USERENV.dll
0x00007ffccbbc0000 - 0x00007ffccbbea000 	C:\Windows\SYSTEM32\bcrypt.dll
0x00007ffccb1e0000 - 0x00007ffccb1ec000 	C:\Windows\SYSTEM32\CRYPTBASE.dll
0x00007ffcca4e0000 - 0x00007ffcca514000 	C:\Windows\SYSTEM32\IPHLPAPI.DLL
0x00007ffcccdc0000 - 0x00007ffcccdca000 	C:\Windows\System32\NSI.dll
0x00007ffcadc70000 - 0x00007ffcadcb9000 	C:\Users\Bilal\AppData\Local\Temp\jna-64187344\jna7197472727440751777.dll
0x00007ffcce2f0000 - 0x00007ffcce2f8000 	C:\Windows\System32\PSAPI.DLL
0x00007ffcc6660000 - 0x00007ffcc667e000 	C:\Windows\SYSTEM32\dhcpcsvc6.DLL
0x00007ffcc6630000 - 0x00007ffcc6653000 	C:\Windows\SYSTEM32\dhcpcsvc.DLL
0x00007ffcc4ac0000 - 0x00007ffcc4ace000 	C:\Users\Bilal\.vscode\extensions\redhat.java-1.52.0-win32-x64\jre\21.0.9-win32-x86_64\bin\sunmscapi.dll
0x00007ffccc500000 - 0x00007ffccc677000 	C:\Windows\System32\CRYPT32.dll
0x00007ffccb4d0000 - 0x00007ffccb500000 	C:\Windows\SYSTEM32\ncrypt.dll
0x00007ffccb480000 - 0x00007ffccb4bf000 	C:\Windows\SYSTEM32\NTASN1.dll
0x00007ffcca5c0000 - 0x00007ffcca6ec000 	C:\Windows\SYSTEM32\DNSAPI.dll
0x00007ffcc5d50000 - 0x00007ffcc5d5b000 	C:\Windows\System32\rasadhlp.dll
0x00007ffcc6710000 - 0x00007ffcc6796000 	C:\Windows\System32\fwpuclnt.dll
0x00007ffcc4ab0000 - 0x00007ffcc4ab9000 	C:\Users\Bilal\.vscode\extensions\redhat.java-1.52.0-win32-x64\jre\21.0.9-win32-x86_64\bin\extnet.dll

JVMTI agents:
c:\Users\Bilal\.vscode\extensions\redhat.java-1.52.0-win32-x64\lombok\lombok-1.18.39-4050.jar path:c:\Users\Bilal\.vscode\extensions\redhat.java-1.52.0-win32-x64\jre\21.0.9-win32-x86_64\bin\instrument.dll, loaded, initialized, instrumentlib options:none

dbghelp: loaded successfully - version: 4.0.5 - missing functions: none
symbol engine: initialized successfully - sym options: 0x614 - pdb path: .;c:\Users\Bilal\.vscode\extensions\redhat.java-1.52.0-win32-x64\jre\21.0.9-win32-x86_64\bin;C:\Windows\SYSTEM32;C:\Windows\WinSxS\amd64_microsoft.windows.common-controls_6595b64144ccf1df_6.0.26100.7309_none_3e05feeae336a044;c:\Users\Bilal\.vscode\extensions\redhat.java-1.52.0-win32-x64\jre\21.0.9-win32-x86_64\bin\server;C:\Users\Bilal\AppData\Roaming\Code\User\globalStorage\redhat.java\1.52.0\config_win\org.eclipse.equinox.launcher\org.eclipse.equinox.launcher.win32.win32.x86_64_1.2.1500.v20260121-1430;C:\Users\Bilal\AppData\Local\Temp\jna-64187344

VM Arguments:
jvm_args: --add-modules=ALL-SYSTEM --add-opens=java.base/java.util=ALL-UNNAMED --add-opens=java.base/java.lang=ALL-UNNAMED --add-opens=java.base/sun.nio.fs=ALL-UNNAMED -Declipse.application=org.eclipse.jdt.ls.core.id1 -Dosgi.bundles.defaultStartLevel=4 -Declipse.product=org.eclipse.jdt.ls.core.product -Djava.import.generatesMetadataFilesAtProjectRoot=false -DDetectVMInstallationsJob.disabled=true -Dfile.encoding=utf8 -XX:+UseParallelGC -XX:GCTimeRatio=4 -XX:AdaptiveSizePolicyWeight=90 -Dsun.zip.disableMemoryMapping=true -Xmx2G -Xms100m -Xlog:disable -javaagent:c:\Users\Bilal\.vscode\extensions\redhat.java-1.52.0-win32-x64\lombok\lombok-1.18.39-4050.jar -XX:+HeapDumpOnOutOfMemoryError -XX:HeapDumpPath=c:\Users\Bilal\AppData\Roaming\Code\User\workspaceStorage\9b14fce1747b2d517f8b1d12a511cdf1\redhat.java -Daether.dependencyCollector.impl=bf 
java_command: c:\Users\Bilal\.vscode\extensions\redhat.java-1.52.0-win32-x64\server\plugins\org.eclipse.equinox.launcher_1.7.100.v20251111-0406.jar -configuration c:\Users\Bilal\AppData\Roaming\Code\User\globalStorage\redhat.java\1.52.0\config_win -data c:\Users\Bilal\AppData\Roaming\Code\User\workspaceStorage\9b14fce1747b2d517f8b1d12a511cdf1\redhat.java\jdt_ws --pipe=\\.\pipe\lsp-d6bb141ee6d7a085ed6b2e4655c9d7a9-sock
java_class_path (initial): c:\Users\Bilal\.vscode\extensions\redhat.java-1.52.0-win32-x64\server\plugins\org.eclipse.equinox.launcher_1.7.100.v20251111-0406.jar
Launcher Type: SUN_STANDARD

[Global flags]
    uintx AdaptiveSizePolicyWeight                 = 90                                        {product} {command line}
     intx CICompilerCount                          = 12                                        {product} {ergonomic}
    uintx GCTimeRatio                              = 4                                         {product} {command line}
     bool HeapDumpOnOutOfMemoryError               = true                                   {manageable} {command line}
    ccstr HeapDumpPath                             = c:\Users\Bilal\AppData\Roaming\Code\User\workspaceStorage\9b14fce1747b2d517f8b1d12a511cdf1\redhat.java         {manageable} {command line}
   size_t InitialHeapSize                          = 104857600                                 {product} {command line}
   size_t MaxHeapSize                              = 2147483648                                {product} {command line}
   size_t MaxNewSize                               = 715653120                                 {product} {ergonomic}
   size_t MinHeapDeltaBytes                        = 524288                                    {product} {ergonomic}
   size_t MinHeapSize                              = 104857600                                 {product} {command line}
   size_t NewSize                                  = 34603008                                  {product} {ergonomic}
    uintx NonNMethodCodeHeapSize                   = 7602480                                {pd product} {ergonomic}
    uintx NonProfiledCodeHeapSize                  = 122027880                              {pd product} {ergonomic}
   size_t OldSize                                  = 70254592                                  {product} {ergonomic}
    uintx ProfiledCodeHeapSize                     = 122027880                              {pd product} {ergonomic}
    uintx ReservedCodeCacheSize                    = 251658240                              {pd product} {ergonomic}
     bool SegmentedCodeCache                       = true                                      {product} {ergonomic}
   size_t SoftMaxHeapSize                          = 2147483648                             {manageable} {ergonomic}
     bool UseCompressedOops                        = true                           {product lp64_product} {ergonomic}
     bool UseLargePagesIndividualAllocation        = false                                  {pd product} {ergonomic}
     bool UseParallelGC                            = true                                      {product} {command line}

Logging:
Log output configuration:
 #0: stdout all=off uptime,level,tags foldmultilines=false
 #1: stderr all=off uptime,level,tags foldmultilines=false

Release file:
JAVA_VERSION="21.0.9" 
MODULES="java.base java.compiler java.datatransfer java.xml java.prefs java.desktop java.instrument java.logging java.management java.security.sasl java.naming java.rmi java.management.rmi java.net.http java.scripting java.security.jgss java.transaction.xa java.sql java.sql.rowset java.xml.crypto java.se java.smartcardio jdk.accessibility jdk.internal.jvmstat jdk.attach jdk.charsets jdk.internal.opt jdk.zipfs jdk.compiler jdk.crypto.ec jdk.crypto.cryptoki jdk.crypto.mscapi jdk.dynalink jdk.internal.ed jdk.editpad jdk.hotspot.agent jdk.httpserver jdk.internal.le jdk.internal.vm.ci jdk.internal.vm.compiler jdk.internal.vm.compiler.management jdk.jartool jdk.javadoc jdk.jcmd jdk.management jdk.management.agent jdk.jconsole jdk.jdeps jdk.jdwp.agent jdk.jdi jdk.jfr jdk.jshell jdk.jsobject jdk.jstatd jdk.localedata jdk.management.jfr jdk.naming.dns jdk.naming.rmi jdk.net jdk.nio.mapmode jdk.random jdk.sctp jdk.security.auth jdk.security.jgss jdk.unsupported jdk.unsupported.desktop jdk.xml.dom" 

Environment Variables:
JAVA_HOME=C:\Program Files\jdk-21.0.8
PATH=C:\Windows\system32;C:\Windows;C:\Windows\System32\Wbem;C:\Windows\System32\WindowsPowerShell\v1.0\;C:\Windows\System32\OpenSSH\;C:\Program Files\dotnet\;C:\Program Files (x86)\NVIDIA Corporation\PhysX\Common;C:\Program Files\Git\cmd;C:\Program Files\nodejs\;C:\Program Files\Cloudflare\Cloudflare WARP\;C:\Program Files\jdk-21.0.8\bin;C:\Program Files\apache-maven-3.9.11\bin;C:\Program Files\Microsoft SQL Server\150\Tools\Binn\;C:\Program Files\Microsoft SQL Server\Client SDK\ODBC\170\Tools\Binn\;C:\Users\Bilal\AppData\Local\Microsoft\WindowsApps;C:\Users\Bilal\AppData\Local\Programs\Microsoft VS Code\bin;C:\Users\Bilal\AppData\Roaming\npm;C:\Users\Bilal\.dotnet\tools
USERNAME=Bilal
OS=Windows_NT
PROCESSOR_IDENTIFIER=Intel64 Family 6 Model 170 Stepping 4, GenuineIntel
TMP=C:\Users\Bilal\AppData\Local\Temp
TEMP=C:\Users\Bilal\AppData\Local\Temp




Periodic native trim disabled

---------------  S Y S T E M  ---------------

OS:
 Windows 11 , 64 bit Build 26100 (10.0.26100.7623)
OS uptime: 0 days 1:53 hours
Hyper-V role detected

CPU: total 22 (initial active 22) (11 cores per cpu, 2 threads per core) family 6 model 170 stepping 4 microcode 0x24, cx8, cmov, fxsr, ht, mmx, 3dnowpref, sse, sse2, sse3, ssse3, sse4.1, sse4.2, popcnt, lzcnt, tsc, tscinvbit, avx, avx2, aes, erms, clmul, bmi1, bmi2, adx, sha, fma, vzeroupper, clflush, clflushopt, clwb, hv, serialize, rdtscp, rdpid, fsrm, f16c, cet_ibt, cet_ss
Processor Information for processor 0
  Max Mhz: 1400, Current Mhz: 1400, Mhz Limit: 1400
Processor Information for processor 1
  Max Mhz: 1400, Current Mhz: 1400, Mhz Limit: 1400
Processor Information for processor 2
  Max Mhz: 900, Current Mhz: 900, Mhz Limit: 900
Processor Information for processor 3
  Max Mhz: 900, Current Mhz: 900, Mhz Limit: 900
Processor Information for processor 4
  Max Mhz: 900, Current Mhz: 900, Mhz Limit: 900
Processor Information for processor 5
  Max Mhz: 900, Current Mhz: 900, Mhz Limit: 900
Processor Information for processor 6
  Max Mhz: 900, Current Mhz: 900, Mhz Limit: 900
Processor Information for processor 7
  Max Mhz: 900, Current Mhz: 900, Mhz Limit: 900
Processor Information for processor 8
  Max Mhz: 900, Current Mhz: 900, Mhz Limit: 900
Processor Information for processor 9
  Max Mhz: 900, Current Mhz: 900, Mhz Limit: 900
Processor Information for processor 10
  Max Mhz: 1400, Current Mhz: 1400, Mhz Limit: 1400
Processor Information for processor 11
  Max Mhz: 1400, Current Mhz: 1400, Mhz Limit: 1400
Processor Information for processor 12
  Max Mhz: 1400, Current Mhz: 1400, Mhz Limit: 1400
Processor Information for processor 13
  Max Mhz: 1400, Current Mhz: 1400, Mhz Limit: 1400
Processor Information for processor 14
  Max Mhz: 1400, Current Mhz: 1400, Mhz Limit: 1400
Processor Information for processor 15
  Max Mhz: 1400, Current Mhz: 1400, Mhz Limit: 1400
Processor Information for processor 16
  Max Mhz: 1400, Current Mhz: 1400, Mhz Limit: 1400
Processor Information for processor 17
  Max Mhz: 1400, Current Mhz: 1400, Mhz Limit: 1400
Processor Information for processor 18
  Max Mhz: 1400, Current Mhz: 1400, Mhz Limit: 1400
Processor Information for processor 19
  Max Mhz: 1400, Current Mhz: 1400, Mhz Limit: 1400
Processor Information for processor 20
  Max Mhz: 700, Current Mhz: 700, Mhz Limit: 700
Processor Information for processor 21
  Max Mhz: 700, Current Mhz: 700, Mhz Limit: 700

Memory: 4k page, system-wide physical 32212M (4031M free)
TotalPageFile size 32212M (AvailPageFile size 2M)
current process WorkingSet (physical memory assigned to process): 303M, peak: 569M
current process commit charge ("private bytes"): 565M, peak: 665M

vm_info: OpenJDK 64-Bit Server VM (21.0.9+10-LTS) for windows-amd64 JRE (21.0.9+10-LTS), built on 2025-10-21T00:00:00Z by "admin" with unknown MS VC++:1942

END.
